Archive member included to satisfy reference by file (symbol)

C:/Users/red93/.pico-sdk/toolchain/14_2_Rel1/bin/../lib/gcc/arm-none-eabi/14.2.1/thumb/v8-m.main+fp/softfp\libm.a(libm_a-wf_sqrt.o)
                              CMakeFiles/Week06.dir/C_/Users/red93/.pico-sdk/sdk/2.2.0/src/rp2_common/pico_float/float_math.c.obj (sqrtf)
C:/Users/red93/.pico-sdk/toolchain/14_2_Rel1/bin/../lib/gcc/arm-none-eabi/14.2.1/thumb/v8-m.main+fp/softfp\libm.a(libm_a-ef_sqrt.o)
                              C:/Users/red93/.pico-sdk/toolchain/14_2_Rel1/bin/../lib/gcc/arm-none-eabi/14.2.1/thumb/v8-m.main+fp/softfp\libm.a(libm_a-wf_sqrt.o) (__ieee754_sqrtf)
C:/Users/red93/.pico-sdk/toolchain/14_2_Rel1/bin/../lib/gcc/arm-none-eabi/14.2.1/thumb/v8-m.main+fp/softfp\libgcc.a(_arm_addsubdf3.o)
                              CMakeFiles/Week06.dir/C_/Users/red93/.pico-sdk/sdk/2.2.0/src/rp2_common/pico_float/float_math.c.obj (__aeabi_f2d)
C:/Users/red93/.pico-sdk/toolchain/14_2_Rel1/bin/../lib/gcc/arm-none-eabi/14.2.1/thumb/v8-m.main+fp/softfp\libgcc.a(_aeabi_ldivmod.o)
                              CMakeFiles/Week06.dir/C_/Users/red93/.pico-sdk/sdk/2.2.0/src/common/pico_time/time.c.obj (__aeabi_ldivmod)
C:/Users/red93/.pico-sdk/toolchain/14_2_Rel1/bin/../lib/gcc/arm-none-eabi/14.2.1/thumb/v8-m.main+fp/softfp\libgcc.a(_aeabi_uldivmod.o)
                              CMakeFiles/Week06.dir/C_/Users/red93/.pico-sdk/sdk/2.2.0/src/rp2_common/hardware_clocks/clocks.c.obj (__aeabi_uldivmod)
C:/Users/red93/.pico-sdk/toolchain/14_2_Rel1/bin/../lib/gcc/arm-none-eabi/14.2.1/thumb/v8-m.main+fp/softfp\libgcc.a(_udivmoddi4.o)
                              C:/Users/red93/.pico-sdk/toolchain/14_2_Rel1/bin/../lib/gcc/arm-none-eabi/14.2.1/thumb/v8-m.main+fp/softfp\libgcc.a(_aeabi_ldivmod.o) (__udivmoddi4)
C:/Users/red93/.pico-sdk/toolchain/14_2_Rel1/bin/../lib/gcc/arm-none-eabi/14.2.1/thumb/v8-m.main+fp/softfp\libgcc.a(_dvmd_tls.o)
                              C:/Users/red93/.pico-sdk/toolchain/14_2_Rel1/bin/../lib/gcc/arm-none-eabi/14.2.1/thumb/v8-m.main+fp/softfp\libgcc.a(_aeabi_ldivmod.o) (__aeabi_ldiv0)
C:/Users/red93/.pico-sdk/toolchain/14_2_Rel1/bin/../lib/gcc/arm-none-eabi/14.2.1/thumb/v8-m.main+fp/softfp\libg.a(libc_a-calloc.o)
                              CMakeFiles/Week06.dir/C_/Users/red93/.pico-sdk/sdk/2.2.0/src/rp2_common/pico_malloc/malloc.c.obj (calloc)
C:/Users/red93/.pico-sdk/toolchain/14_2_Rel1/bin/../lib/gcc/arm-none-eabi/14.2.1/thumb/v8-m.main+fp/softfp\libg.a(libc_a-callocr.o)
                              C:/Users/red93/.pico-sdk/toolchain/14_2_Rel1/bin/../lib/gcc/arm-none-eabi/14.2.1/thumb/v8-m.main+fp/softfp\libg.a(libc_a-calloc.o) (_calloc_r)
C:/Users/red93/.pico-sdk/toolchain/14_2_Rel1/bin/../lib/gcc/arm-none-eabi/14.2.1/thumb/v8-m.main+fp/softfp\libg.a(libc_a-malloc.o)
                              CMakeFiles/Week06.dir/C_/Users/red93/.pico-sdk/sdk/2.2.0/src/rp2_common/pico_malloc/malloc.c.obj (malloc)
C:/Users/red93/.pico-sdk/toolchain/14_2_Rel1/bin/../lib/gcc/arm-none-eabi/14.2.1/thumb/v8-m.main+fp/softfp\libg.a(libc_a-mallocr.o)
                              C:/Users/red93/.pico-sdk/toolchain/14_2_Rel1/bin/../lib/gcc/arm-none-eabi/14.2.1/thumb/v8-m.main+fp/softfp\libg.a(libc_a-callocr.o) (_malloc_r)
C:/Users/red93/.pico-sdk/toolchain/14_2_Rel1/bin/../lib/gcc/arm-none-eabi/14.2.1/thumb/v8-m.main+fp/softfp\libg.a(libc_a-mlock.o)
                              C:/Users/red93/.pico-sdk/toolchain/14_2_Rel1/bin/../lib/gcc/arm-none-eabi/14.2.1/thumb/v8-m.main+fp/softfp\libg.a(libc_a-mallocr.o) (__malloc_lock)
C:/Users/red93/.pico-sdk/toolchain/14_2_Rel1/bin/../lib/gcc/arm-none-eabi/14.2.1/thumb/v8-m.main+fp/softfp\libg.a(libc_a-realloc.o)
                              CMakeFiles/Week06.dir/C_/Users/red93/.pico-sdk/sdk/2.2.0/src/rp2_common/pico_malloc/malloc.c.obj (realloc)
C:/Users/red93/.pico-sdk/toolchain/14_2_Rel1/bin/../lib/gcc/arm-none-eabi/14.2.1/thumb/v8-m.main+fp/softfp\libg.a(libc_a-reallocr.o)
                              C:/Users/red93/.pico-sdk/toolchain/14_2_Rel1/bin/../lib/gcc/arm-none-eabi/14.2.1/thumb/v8-m.main+fp/softfp\libg.a(libc_a-realloc.o) (_realloc_r)
C:/Users/red93/.pico-sdk/toolchain/14_2_Rel1/bin/../lib/gcc/arm-none-eabi/14.2.1/thumb/v8-m.main+fp/softfp\libg.a(libc_a-memcmp.o)
                              CMakeFiles/Week06.dir/C_/Users/red93/.pico-sdk/sdk/2.2.0/src/rp2_common/pico_atomic/atomic.c.obj (memcmp)
C:/Users/red93/.pico-sdk/toolchain/14_2_Rel1/bin/../lib/gcc/arm-none-eabi/14.2.1/thumb/v8-m.main+fp/softfp\libg.a(libc_a-memmove.o)
                              C:/Users/red93/.pico-sdk/toolchain/14_2_Rel1/bin/../lib/gcc/arm-none-eabi/14.2.1/thumb/v8-m.main+fp/softfp\libg.a(libc_a-reallocr.o) (memmove)
C:/Users/red93/.pico-sdk/toolchain/14_2_Rel1/bin/../lib/gcc/arm-none-eabi/14.2.1/thumb/v8-m.main+fp/softfp\libg.a(libc_a-memset.o)
                              C:/Users/red93/.pico-sdk/toolchain/14_2_Rel1/bin/../lib/gcc/arm-none-eabi/14.2.1/thumb/v8-m.main+fp/softfp/crt0.o (memset)
[...]
Memory Configuration

Name             Origin             Length             Attributes
FLASH            0x10000000         0x00400000         xr
RAM              0x20000000         0x00080000         xrw
SCRATCH_X        0x20080000         0x00001000         xrw
SCRATCH_Y        0x20081000         0x00001000         xrw
*default*        0x00000000         0xffffffff

Linker script and memory map

LOAD C:/Users/red93/.pico-sdk/toolchain/14_2_Rel1/bin/../lib/gcc/arm-none-eabi/14.2.1/thumb/v8-m.main+fp/softfp/crti.o
LOAD C:/Users/red93/.pico-sdk/toolchain/14_2_Rel1/bin/../lib/gcc/arm-none-eabi/14.2.1/thumb/v8-m.main+fp/softfp/crtbegin.o
LOAD C:/Users/red93/.pico-sdk/toolchain/14_2_Rel1/bin/../lib/gcc/arm-none-eabi/14.2.1/thumb/v8-m.main+fp/softfp/crt0.o

.flash_begin    0x10000000        0x0
                0x10000000                        __flash_binary_start = .

.text           0x10000000     0x17b4
                0x10000000                        __logical_binary_start = .
 *(.vectors)
 .vectors       0x10000000      0x124 CMakeFiles/Week06.dir/C_/Users/red93/.pico-sdk/sdk/2.2.0/src/rp2_common/pico_crt0/crt0.S.obj
                0x10000000                __VECTOR_TABLE
                0x10000000                __vectors
                0x10000110                __unhandled_user_irq
                0x10000110                isr_irq49
                0x10000110                isr_irq13
                0x10000110                isr_irq43
                0x10000110                isr_irq45
                0x10000110                isr_irq27
                0x10000110                isr_irq32
                0x10000110                isr_irq31
                0x10000110                isr_irq12
                0x10000110                isr_irq5
                0x10000110                isr_irq11
                0x10000110                isr_irq3
                0x10000110                isr_irq23
                0x10000110                isr_usagefault
                0x10000110                isr_irq48
                0x10000110                isr_irq30
                0x10000110                isr_irq18
                0x10000110                isr_irq50
                0x10000110                isr_irq33
                0x10000110                isr_irq40
                0x10000110                isr_irq28
                0x10000110                isr_irq19
                0x10000110                isr_irq36
                0x10000110                isr_irq41
                0x10000110                isr_irq0
                0x10000110                isr_irq6
                0x10000110                isr_irq26
                0x10000110                isr_irq29
                0x10000110                isr_memmanage
                0x10000110                isr_irq37
                0x10000110                isr_irq42
                0x10000110                isr_irq22
                0x10000110                isr_irq35
                0x10000110                isr_irq17
                0x10000110                isr_irq38
                0x10000110                isr_irq14
                0x10000110                __vectors_end
                0x10000110                __default_isrs_start
                0x10000110                isr_irq2
                0x10000110                isr_irq10
                0x10000110                isr_irq8
                0x10000110                isr_debugmonitor
                0x10000110                isr_irq24
                0x10000110                isr_irq46
                0x10000110                isr_irq1
                0x10000110                isr_irq47
                0x10000110                isr_irq51
                0x10000110                isr_irq7
                0x10000110                isr_irq21
                0x10000110                isr_irq39
                0x10000110                isr_irq20
                0x10000110                isr_irq15
                0x10000110                isr_irq25
                0x10000110                isr_irq34
                0x10000110                isr_irq44
                0x10000110                isr_securefault
                0x10000110                isr_irq4
                0x10000110                isr_busfault
                0x10000110                isr_irq16
                0x10000110                isr_irq9
                0x10000116                unhandled_user_irq_num_in_r0
                0x10000118                isr_invalid
                0x1000011a                isr_nmi
                0x1000011c                isr_hardfault
                0x1000011e                isr_svcall
                0x10000120                isr_pendsv
                0x10000122                isr_systick
                0x10000124                __default_isrs_end
 *(.binary_info_header)
 .binary_info_header
                0x10000124       0x14 CMakeFiles/Week06.dir/C_/Users/red93/.pico-sdk/sdk/2.2.0/src/rp2_common/pico_crt0/crt0.S.obj
                0x10000138                        __binary_info_header_end = .
 *(.embedded_block)
 .embedded_block
                0x10000138       0x14 CMakeFiles/Week06.dir/C_/Users/red93/.pico-sdk/sdk/2.2.0/src/rp2_common/pico_crt0/crt0.S.obj
                0x1000014c                        __embedded_block_end = .
 *(.reset)
 .reset         0x1000014c       0x98 CMakeFiles/Week06.dir/C_/Users/red93/.pico-sdk/sdk/2.2.0/src/rp2_common/pico_crt0/crt0.S.obj
                0x1000014c                _entry_point
 *(.init)
 .init          0x100001e4        0x4 C:/Users/red93/.pico-sdk/toolchain/14_2_Rel1/bin/../lib/gcc/arm-none-eabi/14.2.1/thumb/v8-m.main+fp/softfp/crti.o
                0x100001e4                _init
 *libgcc.a:cmse_nonsecure_call.o()
 *(EXCLUDE_FILE(*libm.a: *libc.a:*lib_a-mem*.o *libgcc.a:) .text*)
 .text.register_tm_clones
                0x100001e8       0x28 C:/Users/red93/.pico-sdk/toolchain/14_2_Rel1/bin/../lib/gcc/arm-none-eabi/14.2.1/thumb/v8-m.main+fp/softfp/crtbegin.o
 .text.frame_dummy
                0x10000210       0x24 C:/Users/red93/.pico-sdk/toolchain/14_2_Rel1/bin/../lib/gcc/arm-none-eabi/14.2.1/thumb/v8-m.main+fp/softfp/crtbegin.o
 .text.master   0x10000234      0x128 CMakeFiles/Week06.dir/Week06.c.obj
                0x10000234                master
 .text.startup.main
                0x1000035c       0x9c CMakeFiles/Week06.dir/Week06.c.obj
                0x1000035c                main
 .text.gpio_set_function
                0x100003f8       0x3c CMakeFiles/Week06.dir/C_/Users/red93/.pico-sdk/sdk/2.2.0/src/rp2_common/hardware_gpio/gpio.c.obj
                0x100003f8                gpio_set_function
 .text.gpio_init
                0x10000434       0x48 CMakeFiles/Week06.dir/C_/Users/red93/.pico-sdk/sdk/2.2.0/src/rp2_common/hardware_gpio/gpio.c.obj
                0x10000434                gpio_init
 .text.panic    0x1000047c       0x30 CMakeFiles/Week06.dir/C_/Users/red93/.pico-sdk/sdk/2.2.0/src/rp2_common/pico_platform_panic/panic.c.obj
                0x1000047c                panic
 .text.hw_claim_or_assert
                0x100004ac       0x58 CMakeFiles/Week06.dir/C_/Users/red93/.pico-sdk/sdk/2.2.0/src/common/hardware_claim/claim.c.obj
                0x100004ac                hw_claim_or_assert
 .text.next_striped_spin_lock_num
                0x10000504       0x18 CMakeFiles/Week06.dir/C_/Users/red93/.pico-sdk/sdk/2.2.0/src/rp2_common/hardware_sync/sync.c.obj
                0x10000504                next_striped_spin_lock_num
 .text.spinlock_set_extexclall
                0x1000051c       0x10 CMakeFiles/Week06.dir/C_/Users/red93/.pico-sdk/sdk/2.2.0/src/rp2_common/hardware_sync_spin_lock/sync_spin_lock.c.obj
 .text.spin_locks_reset
                0x1000052c       0x18 CMakeFiles/Week06.dir/C_/Users/red93/.pico-sdk/sdk/2.2.0/src/rp2_common/hardware_sync_spin_lock/sync_spin_lock.c.obj
                0x1000052c                spin_locks_reset
 .text.runtime_init_per_core_irq_priorities
                0x10000544       0x40 CMakeFiles/Week06.dir/C_/Users/red93/.pico-sdk/sdk/2.2.0/src/rp2_common/hardware_irq/irq.c.obj
                0x10000544                runtime_init_per_core_irq_priorities
 .text.irq_set_enabled
                0x10000584       0x2c CMakeFiles/Week06.dir/C_/Users/red93/.pico-sdk/sdk/2.2.0/src/rp2_common/hardware_irq/irq.c.obj
                0x10000584                irq_set_enabled
 .text.irq_set_exclusive_handler
                0x100005b0       0x60 CMakeFiles/Week06.dir/C_/Users/red93/.pico-sdk/sdk/2.2.0/src/rp2_common/hardware_irq/irq.c.obj
                0x100005b0                irq_set_exclusive_handler
 .text.lock_init
                0x10000610        0xc CMakeFiles/Week06.dir/C_/Users/red93/.pico-sdk/sdk/2.2.0/src/common/pico_sync/lock_core.c.obj
                0x10000610                lock_init
 .text.runtime_init_mutex
                0x1000061c       0x4c CMakeFiles/Week06.dir/C_/Users/red93/.pico-sdk/sdk/2.2.0/src/common/pico_sync/mutex.c.obj
                0x1000061c                runtime_init_mutex
 .text.sleep_until_callback
                0x10000668       0x3c CMakeFiles/Week06.dir/C_/Users/red93/.pico-sdk/sdk/2.2.0/src/common/pico_time/time.c.obj
 *fill*         0x100006a4        0x4 
 .text.alarm_pool_irq_handler
                0x100006a8      0x2f0 CMakeFiles/Week06.dir/C_/Users/red93/.pico-sdk/sdk/2.2.0/src/common/pico_time/time.c.obj
 .text.runtime_init_default_alarm_pool
                0x10000998      0x100 CMakeFiles/Week06.dir/C_/Users/red93/.pico-sdk/sdk/2.2.0/src/common/pico_time/time.c.obj
                0x10000998                runtime_init_default_alarm_pool
 .text.alarm_pool_get_default
                0x10000a98        0x8 CMakeFiles/Week06.dir/C_/Users/red93/.pico-sdk/sdk/2.2.0/src/common/pico_time/time.c.obj
                0x10000a98                alarm_pool_get_default
 .text.alarm_pool_add_alarm_at_force_in_context
                0x10000aa0       0xc8 CMakeFiles/Week06.dir/C_/Users/red93/.pico-sdk/sdk/2.2.0/src/common/pico_time/time.c.obj
                0x10000aa0                alarm_pool_add_alarm_at_force_in_context
 .text.alarm_pool_cancel_alarm
                0x10000b68       0x80 CMakeFiles/Week06.dir/C_/Users/red93/.pico-sdk/sdk/2.2.0/src/common/pico_time/time.c.obj
                0x10000b68                alarm_pool_cancel_alarm
 .text.best_effort_wfe_or_timeout
                0x10000be8       0xd4 CMakeFiles/Week06.dir/C_/Users/red93/.pico-sdk/sdk/2.2.0/src/common/pico_time/time.c.obj
                0x10000be8                best_effort_wfe_or_timeout
 .text.alarm_pool_add_repeating_timer_us
                0x10000cbc      0x120 CMakeFiles/Week06.dir/C_/Users/red93/.pico-sdk/sdk/2.2.0/src/common/pico_time/time.c.obj
                0x10000cbc                alarm_pool_add_repeating_timer_us
 .text.timer_hardware_alarm_claim
                0x10000ddc       0x24 CMakeFiles/Week06.dir/C_/Users/red93/.pico-sdk/sdk/2.2.0/src/rp2_common/hardware_timer/timer.c.obj
                0x10000ddc                timer_hardware_alarm_claim
 .text.timer_time_us_64
                0x10000e00       0x10 CMakeFiles/Week06.dir/C_/Users/red93/.pico-sdk/sdk/2.2.0/src/rp2_common/hardware_timer/timer.c.obj
                0x10000e00                timer_time_us_64
 .text.time_us_64
                0x10000e10       0x14 CMakeFiles/Week06.dir/C_/Users/red93/.pico-sdk/sdk/2.2.0/src/rp2_common/hardware_timer/timer.c.obj
                0x10000e10                time_us_64
 .text.clock_configure_undivided
                0x10000e24       0xd0 CMakeFiles/Week06.dir/C_/Users/red93/.pico-sdk/sdk/2.2.0/src/rp2_common/hardware_clocks/clocks.c.obj
                0x10000e24                clock_configure_undivided
 .text.clock_get_hz
                0x10000ef4        0xc CMakeFiles/Week06.dir/C_/Users/red93/.pico-sdk/sdk/2.2.0/src/rp2_common/hardware_clocks/clocks.c.obj
                0x10000ef4                clock_get_hz
 .text.pll_init
                0x10000f00       0x8c CMakeFiles/Week06.dir/C_/Users/red93/.pico-sdk/sdk/2.2.0/src/rp2_common/hardware_pll/pll.c.obj
                0x10000f00                pll_init
 .text.tick_start
                0x10000f8c       0x18 CMakeFiles/Week06.dir/C_/Users/red93/.pico-sdk/sdk/2.2.0/src/rp2_common/hardware_ticks/ticks.c.obj
                0x10000f8c                tick_start
 .text.rom_func_lookup
                0x10000fa4       0x18 CMakeFiles/Week06.dir/C_/Users/red93/.pico-sdk/sdk/2.2.0/src/rp2_common/pico_bootrom/bootrom.c.obj
                0x10000fa4                rom_func_lookup
 .text.runtime_init_bootrom_locking_enable
                0x10000fbc       0x14 CMakeFiles/Week06.dir/C_/Users/red93/.pico-sdk/sdk/2.2.0/src/rp2_common/pico_bootrom/bootrom_lock.c.obj
                0x10000fbc                runtime_init_bootrom_locking_enable
 .text.runtime_init_boot_locks_reset
                0x10000fd0       0x1c CMakeFiles/Week06.dir/C_/Users/red93/.pico-sdk/sdk/2.2.0/src/rp2_common/hardware_boot_lock/boot_lock.c.obj
                0x10000fd0                runtime_init_boot_locks_reset
 .text.xosc_init
                0x10000fec       0x30 CMakeFiles/Week06.dir/C_/Users/red93/.pico-sdk/sdk/2.2.0/src/rp2_common/hardware_xosc/xosc.c.obj
                0x10000fec                xosc_init
 .text.first_per_core_initializer
                0x1000101c        0x4 CMakeFiles/Week06.dir/C_/Users/red93/.pico-sdk/sdk/2.2.0/src/rp2_common/pico_runtime/runtime.c.obj
 .text.hard_assertion_failure
                0x10001020        0xc CMakeFiles/Week06.dir/C_/Users/red93/.pico-sdk/sdk/2.2.0/src/rp2_common/pico_runtime/runtime.c.obj
                0x10001020                hard_assertion_failure
 .text.runtime_run_initializers
                0x1000102c       0x20 CMakeFiles/Week06.dir/C_/Users/red93/.pico-sdk/sdk/2.2.0/src/rp2_common/pico_runtime/runtime.c.obj
                0x1000102c                runtime_run_initializers
 .text.runtime_init_early_resets
                0x1000104c       0x34 CMakeFiles/Week06.dir/C_/Users/red93/.pico-sdk/sdk/2.2.0/src/rp2_common/pico_runtime_init/runtime_init.c.obj
                0x1000104c                runtime_init_early_resets
 .text.runtime_init_usb_power_down
                0x10001080       0x1c CMakeFiles/Week06.dir/C_/Users/red93/.pico-sdk/sdk/2.2.0/src/rp2_common/pico_runtime_init/runtime_init.c.obj
                0x10001080                runtime_init_usb_power_down
 .text.runtime_init_per_core_enable_coprocessors
                0x1000109c       0x1c CMakeFiles/Week06.dir/C_/Users/red93/.pico-sdk/sdk/2.2.0/src/rp2_common/pico_runtime_init/runtime_init.c.obj
                0x1000109c                runtime_init_per_core_enable_coprocessors
 .text.runtime_init_post_clock_resets
                0x100010b8       0x20 CMakeFiles/Week06.dir/C_/Users/red93/.pico-sdk/sdk/2.2.0/src/rp2_common/pico_runtime_init/runtime_init.c.obj
                0x100010b8                runtime_init_post_clock_resets
 .text.runtime_init_bootrom_reset
                0x100010d8       0x14 CMakeFiles/Week06.dir/C_/Users/red93/.pico-sdk/sdk/2.2.0/src/rp2_common/pico_runtime_init/runtime_init.c.obj
                0x100010d8                runtime_init_bootrom_reset
 .text.runtime_init_per_core_bootrom_reset
                0x100010ec       0x14 CMakeFiles/Week06.dir/C_/Users/red93/.pico-sdk/sdk/2.2.0/src/rp2_common/pico_runtime_init/runtime_init.c.obj
                0x100010ec                runtime_init_per_core_bootrom_reset
 .text.runtime_init_spin_locks_reset
                0x10001100        0x4 CMakeFiles/Week06.dir/C_/Users/red93/.pico-sdk/sdk/2.2.0/src/rp2_common/pico_runtime_init/runtime_init.c.obj
                0x10001100                runtime_init_spin_locks_reset
 .text.runtime_init_install_ram_vector_table
                0x10001104       0x68 CMakeFiles/Week06.dir/C_/Users/red93/.pico-sdk/sdk/2.2.0/src/rp2_common/pico_runtime_init/runtime_init.c.obj
                0x10001104                runtime_init_install_ram_vector_table
 .text.runtime_init_clocks
                0x1000116c       0xdc CMakeFiles/Week06.dir/C_/Users/red93/.pico-sdk/sdk/2.2.0/src/rp2_common/pico_runtime_init/runtime_init_clocks.c.obj
                0x1000116c                runtime_init_clocks
 .text._out_char
                0x10001248        0x8 CMakeFiles/Week06.dir/C_/Users/red93/.pico-sdk/sdk/2.2.0/src/rp2_common/pico_printf/printf.c.obj
 .text.weak_raw_vprintf
                0x10001250       0x30 CMakeFiles/Week06.dir/C_/Users/red93/.pico-sdk/sdk/2.2.0/src/rp2_common/pico_printf/printf.c.obj
                0x10001250                weak_raw_vprintf
 .text._exit    0x10001280        0x4 CMakeFiles/Week06.dir/C_/Users/red93/.pico-sdk/sdk/2.2.0/src/rp2_common/pico_clib_interface/newlib_interface.c.obj
                0x10001280                _exit
 .text.exit     0x10001284        0x8 CMakeFiles/Week06.dir/C_/Users/red93/.pico-sdk/sdk/2.2.0/src/rp2_common/pico_clib_interface/newlib_interface.c.obj
                0x10001284                exit
 .text.runtime_init
                0x1000128c       0x24 CMakeFiles/Week06.dir/C_/Users/red93/.pico-sdk/sdk/2.2.0/src/rp2_common/pico_clib_interface/newlib_interface.c.obj
                0x1000128c                runtime_init
 .text.stdio_out_chars_no_crlf
                0x100012b0        0x8 CMakeFiles/Week06.dir/C_/Users/red93/.pico-sdk/sdk/2.2.0/src/rp2_common/pico_stdio/stdio.c.obj
 .text.stdio_out_chars_crlf
                0x100012b8       0xb0 CMakeFiles/Week06.dir/C_/Users/red93/.pico-sdk/sdk/2.2.0/src/rp2_common/pico_stdio/stdio.c.obj
 .text.stdio_put_string
                0x10001368       0xec CMakeFiles/Week06.dir/C_/Users/red93/.pico-sdk/sdk/2.2.0/src/rp2_common/pico_stdio/stdio.c.obj
                0x10001368                stdio_put_string
 .text.stdio_init_all
                0x10001454        0x4 CMakeFiles/Week06.dir/C_/Users/red93/.pico-sdk/sdk/2.2.0/src/rp2_common/pico_stdio/stdio.c.obj
                0x10001454                stdio_init_all
 .text.__wrap_putchar
                0x10001458       0x84 CMakeFiles/Week06.dir/C_/Users/red93/.pico-sdk/sdk/2.2.0/src/rp2_common/pico_stdio/stdio.c.obj
                0x10001458                __wrap_putchar
                0x10001458                stdio_putchar
 .text.__wrap_puts
                0x100014dc       0x3c CMakeFiles/Week06.dir/C_/Users/red93/.pico-sdk/sdk/2.2.0/src/rp2_common/pico_stdio/stdio.c.obj
                0x100014dc                stdio_puts
                0x100014dc                __wrap_puts
 .text.spi_init
                0x10001518       0xf4 CMakeFiles/Week06.dir/C_/Users/red93/.pico-sdk/sdk/2.2.0/src/rp2_common/hardware_spi/spi.c.obj
                0x10001518                spi_init
 .text          0x1000160c       0xec C:/Users/red93/.pico-sdk/toolchain/14_2_Rel1/bin/../lib/gcc/arm-none-eabi/14.2.1/thumb/v8-m.main+fp/softfp\libg.a(libc_a-memcpy.o)
                0x1000160c                memcpy
 .text.strlen   0x100016f8       0x5c C:/Users/red93/.pico-sdk/toolchain/14_2_Rel1/bin/../lib/gcc/arm-none-eabi/14.2.1/thumb/v8-m.main+fp/softfp\libg.a(libc_a-strlen-stub.o)
                0x100016f8                strlen
 *(.fini)
 .fini          0x10001754        0x4 C:/Users/red93/.pico-sdk/toolchain/14_2_Rel1/bin/../lib/gcc/arm-none-eabi/14.2.1/thumb/v8-m.main+fp/softfp/crti.o
                0x10001754                _fini
 .fini.__stub   0x10001758       0x18 linker stubs
 *crtbegin.o(.ctors)
 *crtbegin?.o(.ctors)
 *(EXCLUDE_FILE(*crtend.o *crtend?.o) .ctors)
 *(SORT_BY_NAME(.ctors.*))
 *(.ctors)
 *crtbegin.o(.dtors)
 *crtbegin?.o(.dtors)
 *(EXCLUDE_FILE(*crtend.o *crtend?.o) .dtors)
 *(SORT_BY_NAME(.dtors.*))
 *(.dtors)
                0x10001770                        . = ALIGN (0x4)
                0x10001770                        PROVIDE (__preinit_array_start = .)
 *(SORT_BY_NAME(.preinit_array.*))
 .preinit_array.00050
                0x10001770        0x4 CMakeFiles/Week06.dir/C_/Users/red93/.pico-sdk/sdk/2.2.0/src/rp2_common/pico_runtime_init/runtime_init.c.obj
                0x10001770                __pre_init_runtime_init_bootrom_reset
 .preinit_array.00100
                0x10001774        0x4 CMakeFiles/Week06.dir/C_/Users/red93/.pico-sdk/sdk/2.2.0/src/rp2_common/pico_runtime_init/runtime_init.c.obj
                0x10001774                __pre_init_runtime_init_early_resets
 .preinit_array.00101
                0x10001778        0x4 CMakeFiles/Week06.dir/C_/Users/red93/.pico-sdk/sdk/2.2.0/src/rp2_common/pico_runtime_init/runtime_init.c.obj
                0x10001778                __pre_init_runtime_init_usb_power_down
 .preinit_array.00500
                0x1000177c        0x4 CMakeFiles/Week06.dir/C_/Users/red93/.pico-sdk/sdk/2.2.0/src/rp2_common/pico_runtime_init/runtime_init.c.obj
                0x1000177c                __pre_init_runtime_init_clocks
 .preinit_array.00600
                0x10001780        0x4 CMakeFiles/Week06.dir/C_/Users/red93/.pico-sdk/sdk/2.2.0/src/rp2_common/pico_runtime_init/runtime_init.c.obj
                0x10001780                __pre_init_runtime_init_post_clock_resets
 .preinit_array.01000
                0x10001784        0x4 CMakeFiles/Week06.dir/C_/Users/red93/.pico-sdk/sdk/2.2.0/src/rp2_common/hardware_boot_lock/boot_lock.c.obj
                0x10001784                __pre_init_runtime_init_boot_locks_reset
 .preinit_array.01000
                0x10001788        0x4 CMakeFiles/Week06.dir/C_/Users/red93/.pico-sdk/sdk/2.2.0/src/rp2_common/pico_runtime_init/runtime_init.c.obj
                0x10001788                __pre_init_runtime_init_spin_locks_reset
 .preinit_array.01010
                0x1000178c        0x4 CMakeFiles/Week06.dir/C_/Users/red93/.pico-sdk/sdk/2.2.0/src/rp2_common/pico_bootrom/bootrom_lock.c.obj
                0x1000178c                __pre_init_runtime_init_bootrom_locking_enable
 .preinit_array.01100
                0x10001790        0x4 CMakeFiles/Week06.dir/C_/Users/red93/.pico-sdk/sdk/2.2.0/src/common/pico_sync/mutex.c.obj
                0x10001790                __pre_init_runtime_init_mutex
 .preinit_array.10080
                0x10001794        0x4 CMakeFiles/Week06.dir/C_/Users/red93/.pico-sdk/sdk/2.2.0/src/rp2_common/pico_runtime_init/runtime_init.c.obj
                0x10001794                __pre_init_runtime_init_install_ram_vector_table
 .preinit_array.11000
                0x10001798        0x4 CMakeFiles/Week06.dir/C_/Users/red93/.pico-sdk/sdk/2.2.0/src/common/pico_time/time.c.obj
                0x10001798                __pre_init_runtime_init_default_alarm_pool
 .preinit_array.YYYYY
                0x1000179c        0x4 CMakeFiles/Week06.dir/C_/Users/red93/.pico-sdk/sdk/2.2.0/src/rp2_common/pico_runtime/runtime.c.obj
                0x1000179c                __pre_init_first_per_core_initializer
 .preinit_array.ZZZZZ.00051
                0x100017a0        0x4 CMakeFiles/Week06.dir/C_/Users/red93/.pico-sdk/sdk/2.2.0/src/rp2_common/pico_runtime_init/runtime_init.c.obj
                0x100017a0                __pre_init_runtime_init_per_core_bootrom_reset
 .preinit_array.ZZZZZ.00200
                0x100017a4        0x4 CMakeFiles/Week06.dir/C_/Users/red93/.pico-sdk/sdk/2.2.0/src/rp2_common/pico_runtime_init/runtime_init.c.obj
                0x100017a4                __pre_init_runtime_init_per_core_enable_coprocessors
 .preinit_array.ZZZZZ.01000
                0x100017a8        0x4 CMakeFiles/Week06.dir/C_/Users/red93/.pico-sdk/sdk/2.2.0/src/rp2_common/hardware_sync_spin_lock/sync_spin_lock.c.obj
                0x100017a8                __pre_init_spinlock_set_extexclall
 .preinit_array.ZZZZZ.01200
                0x100017ac        0x4 CMakeFiles/Week06.dir/C_/Users/red93/.pico-sdk/sdk/2.2.0/src/rp2_common/hardware_irq/irq.c.obj
                0x100017ac                __pre_init_runtime_init_per_core_irq_priorities
 *(.preinit_array)
                0x100017b0                        PROVIDE (__preinit_array_end = .)
                0x100017b0                        . = ALIGN (0x4)
                0x100017b0                        PROVIDE (__init_array_start = .)
 *(SORT_BY_NAME(.init_array.*))
 *(.init_array)
 .init_array    0x100017b0        0x4 C:/Users/red93/.pico-sdk/toolchain/14_2_Rel1/bin/../lib/gcc/arm-none-eabi/14.2.1/thumb/v8-m.main+fp/softfp/crtbegin.o
                0x100017b4                        PROVIDE (__init_array_end = .)
                0x100017b4                        . = ALIGN (0x4)
                [!provide]                        PROVIDE (__fini_array_start = .)
 *(SORT_BY_NAME(.fini_array.*))
 *(.fini_array)
                [!provide]                        PROVIDE (__fini_array_end = .)
 *(.eh_frame*)
 .eh_frame      0x100017b4        0x0 C:/Users/red93/.pico-sdk/toolchain/14_2_Rel1/bin/../lib/gcc/arm-none-eabi/14.2.1/thumb/v8-m.main+fp/softfp/crtbegin.o
                0x100017b4                        . = ALIGN (0x4)

.glue_7         0x100017b4        0x0
 .glue_7        0x100017b4        0x0 linker stubs

.glue_7t        0x100017b4        0x0
 .glue_7t       0x100017b4        0x0 linker stubs

.vfp11_veneer   0x100017b4        0x0
 .vfp11_veneer  0x100017b4        0x0 linker stubs

.v4_bx          0x100017b4        0x0
 .v4_bx         0x100017b4        0x0 linker stubs

.iplt           0x100017b4        0x0
 .iplt          0x100017b4        0x0 C:/Users/red93/.pico-sdk/toolchain/14_2_Rel1/bin/../lib/gcc/arm-none-eabi/14.2.1/thumb/v8-m.main+fp/softfp/crtbegin.o

.boot2          0x100017b4        0x0
                0x100017b4                        __boot2_start__ = .
 *(.boot2)
                0x100017b4                        __boot2_end__ = .
                0x00000001                        ASSERT (((__boot2_end__ - __boot2_start__) <= 0x100), ERROR: Pico second stage bootloader must be no more than 256 bytes in size)

.rodata         0x100017b4      0x4e8
 *(EXCLUDE_FILE(*libm.a: *libc.a:*lib_a-mem*.o *libgcc.a:) .rodata*)
 .rodata.sprite
                0x100017b4      0x400 CMakeFiles/Week06.dir/Week06.c.obj
                0x100017b4                sprite
 .rodata.panic.str1.4
                0x10001bb4       0x84 CMakeFiles/Week06.dir/C_/Users/red93/.pico-sdk/sdk/2.2.0/src/rp2_common/pico_platform_panic/panic.c.obj
                                 0x12 (size before relaxing)
 .rodata.timer_hardware_alarm_claim.str1.4
                0x10001c38       0x22 CMakeFiles/Week06.dir/C_/Users/red93/.pico-sdk/sdk/2.2.0/src/rp2_common/hardware_timer/timer.c.obj
 .rodata.hard_assertion_failure.str1.4
                0x10001c38        0xc CMakeFiles/Week06.dir/C_/Users/red93/.pico-sdk/sdk/2.2.0/src/rp2_common/pico_runtime/runtime.c.obj
 .rodata.str1.4
                0x10001c38       0x40 CMakeFiles/Week06.dir/C_/Users/red93/.pico-sdk/sdk/2.2.0/src/rp2_common/pico_standard_binary_info/standard_binary_info.c.obj
 .rodata.__bi_84
                0x10001c38        0xc CMakeFiles/Week06.dir/C_/Users/red93/.pico-sdk/sdk/2.2.0/src/rp2_common/pico_standard_binary_info/standard_binary_info.c.obj
 .rodata.__bi_78
                0x10001c44        0xc CMakeFiles/Week06.dir/C_/Users/red93/.pico-sdk/sdk/2.2.0/src/rp2_common/pico_standard_binary_info/standard_binary_info.c.obj
 .rodata.__bi_60
                0x10001c50        0xc CMakeFiles/Week06.dir/C_/Users/red93/.pico-sdk/sdk/2.2.0/src/rp2_common/pico_standard_binary_info/standard_binary_info.c.obj
 .rodata.__bi_54
                0x10001c5c        0xc CMakeFiles/Week06.dir/C_/Users/red93/.pico-sdk/sdk/2.2.0/src/rp2_common/pico_standard_binary_info/standard_binary_info.c.obj
 .rodata.__bi_48
                0x10001c68        0xc CMakeFiles/Week06.dir/C_/Users/red93/.pico-sdk/sdk/2.2.0/src/rp2_common/pico_standard_binary_info/standard_binary_info.c.obj
 .rodata.__bi_42
                0x10001c74        0xc CMakeFiles/Week06.dir/C_/Users/red93/.pico-sdk/sdk/2.2.0/src/rp2_common/pico_standard_binary_info/standard_binary_info.c.obj
 .rodata.__bi_34
                0x10001c80        0xc CMakeFiles/Week06.dir/C_/Users/red93/.pico-sdk/sdk/2.2.0/src/rp2_common/pico_standard_binary_info/standard_binary_info.c.obj
 .rodata.__bi_26
                0x10001c8c        0xc CMakeFiles/Week06.dir/C_/Users/red93/.pico-sdk/sdk/2.2.0/src/rp2_common/pico_standard_binary_info/standard_binary_info.c.obj
 .rodata.crlf_str.0
                0x10001c98        0x2 CMakeFiles/Week06.dir/C_/Users/red93/.pico-sdk/sdk/2.2.0/src/rp2_common/pico_stdio/stdio.c.obj
 *(.srodata*)
                0x10001c9c                        . = ALIGN (0x4)
 *fill*         0x10001c9a        0x2 
 *(SORT_BY_ALIGNMENT(SORT_BY_NAME(.flashdata*)))
                0x10001c9c                        . = ALIGN (0x4)

.ARM.extab
 *(.ARM.extab* .gnu.linkonce.armextab.*)
                0x10001c9c                        __exidx_start = .

.ARM.exidx      0x10001c9c        0x8
 *(.ARM.exidx* .gnu.linkonce.armexidx.*)
 .ARM.exidx     0x10001c9c        0x8 C:/Users/red93/.pico-sdk/toolchain/14_2_Rel1/bin/../lib/gcc/arm-none-eabi/14.2.1/thumb/v8-m.main+fp/softfp\libg.a(libc_a-memcpy.o)
                0x10001ca4                        __exidx_end = .
                0x10001ca4                        . = ALIGN (0x4)
                0x10001ca4                        __binary_info_start = .

.binary_info    0x10001ca4       0x20
 *(.binary_info.keep.*)
 .binary_info.keep.__bi_ptr84
                0x10001ca4        0x4 CMakeFiles/Week06.dir/C_/Users/red93/.pico-sdk/sdk/2.2.0/src/rp2_common/pico_standard_binary_info/standard_binary_info.c.obj
 .binary_info.keep.__bi_ptr78
                0x10001ca8        0x4 CMakeFiles/Week06.dir/C_/Users/red93/.pico-sdk/sdk/2.2.0/src/rp2_common/pico_standard_binary_info/standard_binary_info.c.obj
 .binary_info.keep.__bi_ptr60
                0x10001cac        0x4 CMakeFiles/Week06.dir/C_/Users/red93/.pico-sdk/sdk/2.2.0/src/rp2_common/pico_standard_binary_info/standard_binary_info.c.obj
 .binary_info.keep.__bi_ptr54
                0x10001cb0        0x4 CMakeFiles/Week06.dir/C_/Users/red93/.pico-sdk/sdk/2.2.0/src/rp2_common/pico_standard_binary_info/standard_binary_info.c.obj
 .binary_info.keep.__bi_ptr48
                0x10001cb4        0x4 CMakeFiles/Week06.dir/C_/Users/red93/.pico-sdk/sdk/2.2.0/src/rp2_common/pico_standard_binary_info/standard_binary_info.c.obj
 .binary_info.keep.__bi_ptr42
                0x10001cb8        0x4 CMakeFiles/Week06.dir/C_/Users/red93/.pico-sdk/sdk/2.2.0/src/rp2_common/pico_standard_binary_info/standard_binary_info.c.obj
 .binary_info.keep.__bi_ptr34
                0x10001cbc        0x4 CMakeFiles/Week06.dir/C_/Users/red93/.pico-sdk/sdk/2.2.0/src/rp2_common/pico_standard_binary_info/standard_binary_info.c.obj
 .binary_info.keep.__bi_ptr26
                0x10001cc0        0x4 CMakeFiles/Week06.dir/C_/Users/red93/.pico-sdk/sdk/2.2.0/src/rp2_common/pico_standard_binary_info/standard_binary_info.c.obj
 *(.binary_info.*)
                0x10001cc4                        __binary_info_end = .
                0x10001cc4                        . = ALIGN (0x4)

.ram_vector_table
                0x20000000      0x110
 *(.ram_vector_table)
 .ram_vector_table
                0x20000000      0x110 CMakeFiles/Week06.dir/C_/Users/red93/.pico-sdk/sdk/2.2.0/src/rp2_common/pico_runtime_init/runtime_init.c.obj
                0x20000000                ram_vector_table

.uninitialized_data
                0x20000110        0x0
                0x20000110                        . = ALIGN (0x4)
 *(.uninitialized_data*)

.data           0x20000110      0x1cc load address 0x10001cc4
                0x20000110                        __data_start__ = .
 *(vtable)
 *(.time_critical*)
 .time_critical.mutex_enter_block_until
                0x20000110       0x6c CMakeFiles/Week06.dir/C_/Users/red93/.pico-sdk/sdk/2.2.0/src/common/pico_sync/mutex.c.obj
                0x20000110                mutex_enter_block_until
 .time_critical.mutex_try_enter_block_until
                0x2000017c       0x68 CMakeFiles/Week06.dir/C_/Users/red93/.pico-sdk/sdk/2.2.0/src/common/pico_sync/mutex.c.obj
                0x2000017c                mutex_try_enter_block_until
 .time_critical.mutex_exit
                0x200001e4       0x3c CMakeFiles/Week06.dir/C_/Users/red93/.pico-sdk/sdk/2.2.0/src/common/pico_sync/mutex.c.obj
                0x200001e4                mutex_exit
 .time_critical.spi_write16_blocking
                0x20000220       0x90 CMakeFiles/Week06.dir/C_/Users/red93/.pico-sdk/sdk/2.2.0/src/rp2_common/hardware_spi/spi.c.obj
                0x20000220                spi_write16_blocking
 .time_critical.spi_write16_blocking.__stub
                0x200002b0        0x8 linker stubs
 *(.text*)
                0x200002b8                        . = ALIGN (0x4)
 *(.rodata*)
                0x200002b8                        . = ALIGN (0x4)
 *(.data*)
 .data.striped_spin_lock_num
                0x200002b8        0x1 CMakeFiles/Week06.dir/C_/Users/red93/.pico-sdk/sdk/2.2.0/src/rp2_common/hardware_sync/sync.c.obj
 *fill*         0x200002b9        0x3 
 .data.default_alarm_pool
                0x200002bc       0x18 CMakeFiles/Week06.dir/C_/Users/red93/.pico-sdk/sdk/2.2.0/src/common/pico_time/time.c.obj
 *(.sdata*)
                0x200002d4                        . = ALIGN (0x4)
 *(.after_data.*)
                0x200002d4                        . = ALIGN (0x4)
                0x200002d4                        PROVIDE (__mutex_array_start = .)
 *(SORT_BY_NAME(.mutex_array.*))
 *(.mutex_array)
 .mutex_array   0x200002d4        0x8 CMakeFiles/Week06.dir/C_/Users/red93/.pico-sdk/sdk/2.2.0/src/rp2_common/pico_stdio/stdio.c.obj
                0x200002dc                        PROVIDE (__mutex_array_end = .)
 *(.jcr)
                0x200002dc                        . = ALIGN (0x4)

.tm_clone_table
                0x200002dc        0x0 load address 0x10001e90
 .tm_clone_table
                0x200002dc        0x0 C:/Users/red93/.pico-sdk/toolchain/14_2_Rel1/bin/../lib/gcc/arm-none-eabi/14.2.1/thumb/v8-m.main+fp/softfp/crtbegin.o
 .tm_clone_table
                0x200002dc        0x0 C:/Users/red93/.pico-sdk/toolchain/14_2_Rel1/bin/../lib/gcc/arm-none-eabi/14.2.1/thumb/v8-m.main+fp/softfp/crtend.o

.igot.plt       0x200002dc        0x0 load address 0x10001e90
 .igot.plt      0x200002dc        0x0 C:/Users/red93/.pico-sdk/toolchain/14_2_Rel1/bin/../lib/gcc/arm-none-eabi/14.2.1/thumb/v8-m.main+fp/softfp/crtbegin.o

.tdata          0x200002dc        0x0 load address 0x10001e90
                0x200002dc                        . = ALIGN (0x4)
 *(.tdata .tdata.* .gnu.linkonce.td.*)
                0x200002dc                        __tdata_end = .
                0x200002dc                        PROVIDE (__data_end__ = .)
                0x10001cc4                        __etext = LOADADDR (.data)

.tbss           0x200002dc        0x0 load address 0x10001e90
                0x200002dc                        . = ALIGN (0x4)
                0x200002dc                        __bss_start__ = .
                0x200002dc                        __tls_base = .
 *(.tbss .tbss.* .gnu.linkonce.tb.*)
 *(.tcommon)
                0x200002dc                        __tls_end = .

.bss            0x200002e0      0x218 load address 0x10001e90
                0x200002e0                        . = ALIGN (0x4)
                0x200002e0                        __tbss_end = .
 *(SORT_BY_ALIGNMENT(SORT_BY_NAME(.bss*)))
 .bss.default_alarm_pool_entries
                0x200002e0      0x180 CMakeFiles/Week06.dir/C_/Users/red93/.pico-sdk/sdk/2.2.0/src/common/pico_time/time.c.obj
 .bss._sw_spin_locks
                0x20000460       0x20 CMakeFiles/Week06.dir/C_/Users/red93/.pico-sdk/sdk/2.2.0/src/rp2_common/hardware_sync_spin_lock/sync_spin_lock.c.obj
                0x20000460                _sw_spin_locks
 .bss.claimed   0x20000480        0x2 CMakeFiles/Week06.dir/C_/Users/red93/.pico-sdk/sdk/2.2.0/src/rp2_common/hardware_timer/timer.c.obj
 *fill*         0x20000482        0x2 
 .bss.configured_freq
                0x20000484       0x28 CMakeFiles/Week06.dir/C_/Users/red93/.pico-sdk/sdk/2.2.0/src/rp2_common/hardware_clocks/clocks.c.obj
 .bss.drivers   0x200004ac        0x4 CMakeFiles/Week06.dir/C_/Users/red93/.pico-sdk/sdk/2.2.0/src/rp2_common/pico_stdio/stdio.c.obj
 .bss.filter    0x200004b0        0x4 CMakeFiles/Week06.dir/C_/Users/red93/.pico-sdk/sdk/2.2.0/src/rp2_common/pico_stdio/stdio.c.obj
 .bss.lazy_vsnprintf
                0x200004b4        0x4 CMakeFiles/Week06.dir/C_/Users/red93/.pico-sdk/sdk/2.2.0/src/rp2_common/pico_printf/printf.c.obj
 .bss.object.0  0x200004b8       0x18 C:/Users/red93/.pico-sdk/toolchain/14_2_Rel1/bin/../lib/gcc/arm-none-eabi/14.2.1/thumb/v8-m.main+fp/softfp/crtbegin.o
 .bss.pools     0x200004d0       0x20 CMakeFiles/Week06.dir/C_/Users/red93/.pico-sdk/sdk/2.2.0/src/common/pico_time/time.c.obj
 .bss.sleep_notifier
                0x200004f0        0x4 CMakeFiles/Week06.dir/C_/Users/red93/.pico-sdk/sdk/2.2.0/src/common/pico_time/time.c.obj
 .bss.state     0x200004f4        0x1 CMakeFiles/Week06.dir/Week06.c.obj
                0x200004f4                state
 *(COMMON)
                [!provide]                        PROVIDE (__global_pointer$ = (. + 0x800))
 *(.sbss*)
                0x200004f8                        . = ALIGN (0x4)
 *fill*         0x200004f5        0x3 
                0x200004f8                        __bss_end__ = .

.heap           0x200004f8      0x800 load address 0x10001e90
                0x200004f8                        __end__ = .
                0x200004f8                        end = __end__
 *(.heap*)
 .heap          0x200004f8      0x800 CMakeFiles/Week06.dir/C_/Users/red93/.pico-sdk/sdk/2.2.0/src/rp2_common/pico_crt0/crt0.S.obj
                0x20080000                        __HeapLimit = (ORIGIN (RAM) + LENGTH (RAM))

.scratch_x      0x20080000        0x0 load address 0x10001e90
                0x20080000                        __scratch_x_start__ = .
 *(.scratch_x.*)
                0x20080000                        . = ALIGN (0x4)
                0x20080000                        __scratch_x_end__ = .
                0x10001e90                        __scratch_x_source__ = LOADADDR (.scratch_x)

.scratch_y      0x20081000        0x0 load address 0x10001e90
                0x20081000                        __scratch_y_start__ = .
 *(.scratch_y.*)
                0x20081000                        . = ALIGN (0x4)
                0x20081000                        __scratch_y_end__ = .
                0x10001e90                        __scratch_y_source__ = LOADADDR (.scratch_y)

.stack1_dummy
 *(.stack1*)

.stack_dummy    0x20081000      0x800
 *(.stack*)
 .stack         0x20081000      0x800 CMakeFiles/Week06.dir/C_/Users/red93/.pico-sdk/sdk/2.2.0/src/rp2_common/pico_crt0/crt0.S.obj

.flash_end      0x10001e90       0x14
 *(.embedded_end_block*)
 .embedded_end_block
                0x10001e90       0x14 CMakeFiles/Week06.dir/C_/Users/red93/.pico-sdk/sdk/2.2.0/src/rp2_common/pico_crt0/crt0.S.obj
                0x10001ea4                        PROVIDE (__flash_binary_end = .)
                0x20080000                        __StackLimit = (ORIGIN (RAM) + LENGTH (RAM))
                0x20081000                        __StackOneTop = (ORIGIN (SCRATCH_X) + LENGTH (SCRATCH_X))
                0x20082000                        __StackTop = (ORIGIN (SCRATCH_Y) + LENGTH (SCRATCH_Y))
                0x20081000                        __StackOneBottom = (__StackOneTop - SIZEOF (.stack1_dummy))
                0x20081800                        __StackBottom = (__StackTop - SIZEOF (.stack_dummy))
                0x20082000                        PROVIDE (__stack = __StackTop)
                [!provide]                        PROVIDE (__heap_start = __end__)
                [!provide]                        PROVIDE (__heap_end = __HeapLimit)
                [!provide]                        PROVIDE (__tls_align = MAX (ALIGNOF (.tdata), ALIGNOF (.tbss)))
                [!provide]                        PROVIDE (__tls_size_align = (((__tls_size + __tls_align) - 0x1) & ~ ((__tls_align - 0x1))))
                [!provide]                        PROVIDE (__arm32_tls_tcb_offset = MAX (0x8, __tls_align))
                [!provide]                        PROVIDE (_end = __end__)
                [!provide]                        PROVIDE (__llvm_libc_heap_limit = __HeapLimit)
                0x00000001                        ASSERT ((__StackLimit >= __HeapLimit), region RAM overflowed)
                0x00000001                        ASSERT (((__binary_info_header_end - __logical_binary_start) <= 0x400), Binary info must be in first 1024 bytes of the binary)
                0x00000001                        ASSERT (((__embedded_block_end - __logical_binary_start) <= 0x1000), Embedded block must be in first 4096 bytes of the binary)
LOAD CMakeFiles/Week06.dir/Week06.c.obj
LOAD CMakeFiles/Week06.dir/C_/Users/red93/.pico-sdk/sdk/2.2.0/src/rp2_common/pico_stdlib/stdlib.c.obj
LOAD CMakeFiles/Week06.dir/C_/Users/red93/.pico-sdk/sdk/2.2.0/src/rp2_common/hardware_gpio/gpio.c.obj
LOAD CMakeFiles/Week06.dir/C_/Users/red93/.pico-sdk/sdk/2.2.0/src/rp2350/pico_platform/platform.c.obj
LOAD CMakeFiles/Week06.dir/C_/Users/red93/.pico-sdk/sdk/2.2.0/src/rp2_common/pico_platform_common/common.c.obj
LOAD CMakeFiles/Week06.dir/C_/Users/red93/.pico-sdk/sdk/2.2.0/src/rp2_common/pico_platform_panic/panic.c.obj
LOAD CMakeFiles/Week06.dir/C_/Users/red93/.pico-sdk/sdk/2.2.0/src/common/hardware_claim/claim.c.obj
LOAD CMakeFiles/Week06.dir/C_/Users/red93/.pico-sdk/sdk/2.2.0/src/rp2_common/hardware_sync/sync.c.obj
LOAD CMakeFiles/Week06.dir/C_/Users/red93/.pico-sdk/sdk/2.2.0/src/rp2_common/hardware_sync_spin_lock/sync_spin_lock.c.obj
LOAD CMakeFiles/Week06.dir/C_/Users/red93/.pico-sdk/sdk/2.2.0/src/rp2_common/hardware_irq/irq.c.obj
LOAD CMakeFiles/Week06.dir/C_/Users/red93/.pico-sdk/sdk/2.2.0/src/rp2_common/hardware_irq/irq_handler_chain.S.obj
LOAD CMakeFiles/Week06.dir/C_/Users/red93/.pico-sdk/sdk/2.2.0/src/common/pico_sync/sem.c.obj
LOAD CMakeFiles/Week06.dir/C_/Users/red93/.pico-sdk/sdk/2.2.0/src/common/pico_sync/lock_core.c.obj
LOAD CMakeFiles/Week06.dir/C_/Users/red93/.pico-sdk/sdk/2.2.0/src/common/pico_sync/mutex.c.obj
LOAD CMakeFiles/Week06.dir/C_/Users/red93/.pico-sdk/sdk/2.2.0/src/common/pico_sync/critical_section.c.obj
LOAD CMakeFiles/Week06.dir/C_/Users/red93/.pico-sdk/sdk/2.2.0/src/common/pico_time/time.c.obj
LOAD CMakeFiles/Week06.dir/C_/Users/red93/.pico-sdk/sdk/2.2.0/src/common/pico_time/timeout_helper.c.obj
LOAD CMakeFiles/Week06.dir/C_/Users/red93/.pico-sdk/sdk/2.2.0/src/rp2_common/hardware_timer/timer.c.obj
LOAD CMakeFiles/Week06.dir/C_/Users/red93/.pico-sdk/sdk/2.2.0/src/common/pico_util/datetime.c.obj
LOAD CMakeFiles/Week06.dir/C_/Users/red93/.pico-sdk/sdk/2.2.0/src/common/pico_util/pheap.c.obj
LOAD CMakeFiles/Week06.dir/C_/Users/red93/.pico-sdk/sdk/2.2.0/src/common/pico_util/queue.c.obj
LOAD CMakeFiles/Week06.dir/C_/Users/red93/.pico-sdk/sdk/2.2.0/src/rp2_common/hardware_uart/uart.c.obj
LOAD CMakeFiles/Week06.dir/C_/Users/red93/.pico-sdk/sdk/2.2.0/src/rp2_common/hardware_clocks/clocks.c.obj
LOAD CMakeFiles/Week06.dir/C_/Users/red93/.pico-sdk/sdk/2.2.0/src/rp2_common/hardware_pll/pll.c.obj
LOAD CMakeFiles/Week06.dir/C_/Users/red93/.pico-sdk/sdk/2.2.0/src/rp2_common/hardware_vreg/vreg.c.obj
LOAD CMakeFiles/Week06.dir/C_/Users/red93/.pico-sdk/sdk/2.2.0/src/rp2_common/hardware_watchdog/watchdog.c.obj
LOAD CMakeFiles/Week06.dir/C_/Users/red93/.pico-sdk/sdk/2.2.0/src/rp2_common/hardware_ticks/ticks.c.obj
LOAD CMakeFiles/Week06.dir/C_/Users/red93/.pico-sdk/sdk/2.2.0/src/rp2_common/pico_bootrom/bootrom.c.obj
LOAD CMakeFiles/Week06.dir/C_/Users/red93/.pico-sdk/sdk/2.2.0/src/rp2_common/pico_bootrom/bootrom_lock.c.obj
LOAD CMakeFiles/Week06.dir/C_/Users/red93/.pico-sdk/sdk/2.2.0/src/rp2_common/hardware_boot_lock/boot_lock.c.obj
LOAD CMakeFiles/Week06.dir/C_/Users/red93/.pico-sdk/sdk/2.2.0/src/rp2_common/pico_flash/flash.c.obj
LOAD CMakeFiles/Week06.dir/C_/Users/red93/.pico-sdk/sdk/2.2.0/src/rp2_common/hardware_xosc/xosc.c.obj
LOAD CMakeFiles/Week06.dir/C_/Users/red93/.pico-sdk/sdk/2.2.0/src/rp2_common/hardware_divider/divider.c.obj
LOAD CMakeFiles/Week06.dir/C_/Users/red93/.pico-sdk/sdk/2.2.0/src/rp2_common/pico_runtime/runtime.c.obj
LOAD CMakeFiles/Week06.dir/C_/Users/red93/.pico-sdk/sdk/2.2.0/src/rp2_common/pico_runtime_init/runtime_init.c.obj
LOAD CMakeFiles/Week06.dir/C_/Users/red93/.pico-sdk/sdk/2.2.0/src/rp2_common/pico_runtime_init/runtime_init_clocks.c.obj
LOAD CMakeFiles/Week06.dir/C_/Users/red93/.pico-sdk/sdk/2.2.0/src/rp2_common/pico_runtime_init/runtime_init_stack_guard.c.obj
LOAD CMakeFiles/Week06.dir/C_/Users/red93/.pico-sdk/sdk/2.2.0/src/rp2_common/pico_bit_ops/bit_ops_aeabi.S.obj
LOAD CMakeFiles/Week06.dir/C_/Users/red93/.pico-sdk/sdk/2.2.0/src/rp2_common/pico_divider/divider_compiler.c.obj
LOAD CMakeFiles/Week06.dir/C_/Users/red93/.pico-sdk/sdk/2.2.0/src/rp2_common/pico_double/double_math.c.obj
LOAD CMakeFiles/Week06.dir/C_/Users/red93/.pico-sdk/sdk/2.2.0/src/rp2_common/pico_double/double_aeabi_dcp.S.obj
LOAD CMakeFiles/Week06.dir/C_/Users/red93/.pico-sdk/sdk/2.2.0/src/rp2_common/pico_double/double_fma_dcp.S.obj
LOAD CMakeFiles/Week06.dir/C_/Users/red93/.pico-sdk/sdk/2.2.0/src/rp2_common/pico_double/double_sci_m33.S.obj
LOAD CMakeFiles/Week06.dir/C_/Users/red93/.pico-sdk/sdk/2.2.0/src/rp2_common/pico_double/double_conv_m33.S.obj
LOAD CMakeFiles/Week06.dir/C_/Users/red93/.pico-sdk/sdk/2.2.0/src/rp2_common/pico_float/float_math.c.obj
LOAD CMakeFiles/Week06.dir/C_/Users/red93/.pico-sdk/sdk/2.2.0/src/rp2_common/pico_float/float_conv32_vfp.S.obj
LOAD CMakeFiles/Week06.dir/C_/Users/red93/.pico-sdk/sdk/2.2.0/src/rp2_common/pico_float/float_common_m33.S.obj
LOAD CMakeFiles/Week06.dir/C_/Users/red93/.pico-sdk/sdk/2.2.0/src/rp2_common/pico_float/float_sci_m33_vfp.S.obj
LOAD CMakeFiles/Week06.dir/C_/Users/red93/.pico-sdk/sdk/2.2.0/src/rp2_common/pico_malloc/malloc.c.obj
LOAD CMakeFiles/Week06.dir/C_/Users/red93/.pico-sdk/sdk/2.2.0/src/rp2_common/pico_atomic/atomic.c.obj
LOAD CMakeFiles/Week06.dir/C_/Users/red93/.pico-sdk/sdk/2.2.0/src/rp2_common/pico_cxx_options/new_delete.cpp.obj
LOAD CMakeFiles/Week06.dir/C_/Users/red93/.pico-sdk/sdk/2.2.0/src/rp2_common/pico_standard_binary_info/standard_binary_info.c.obj
LOAD CMakeFiles/Week06.dir/C_/Users/red93/.pico-sdk/sdk/2.2.0/src/rp2_common/pico_printf/printf.c.obj
LOAD CMakeFiles/Week06.dir/C_/Users/red93/.pico-sdk/sdk/2.2.0/src/rp2_common/pico_crt0/crt0.S.obj
LOAD CMakeFiles/Week06.dir/C_/Users/red93/.pico-sdk/sdk/2.2.0/src/rp2_common/pico_clib_interface/newlib_interface.c.obj
LOAD CMakeFiles/Week06.dir/C_/Users/red93/.pico-sdk/sdk/2.2.0/src/rp2_common/pico_stdio/stdio.c.obj
LOAD CMakeFiles/Week06.dir/C_/Users/red93/.pico-sdk/sdk/2.2.0/src/rp2_common/hardware_spi/spi.c.obj
LOAD pico-sdk\src\rp2350\boot_stage2\CMakeFiles\bs2_default_library.dir\bs2_default_padded_checksummed.S.obj
LOAD C:/Users/red93/.pico-sdk/toolchain/14_2_Rel1/bin/../lib/gcc/arm-none-eabi/14.2.1/thumb/v8-m.main+fp/softfp\libstdc++.a
LOAD C:/Users/red93/.pico-sdk/toolchain/14_2_Rel1/bin/../lib/gcc/arm-none-eabi/14.2.1/thumb/v8-m.main+fp/softfp\libm.a
START GROUP
LOAD C:/Users/red93/.pico-sdk/toolchain/14_2_Rel1/bin/../lib/gcc/arm-none-eabi/14.2.1/thumb/v8-m.main+fp/softfp\libgcc.a
LOAD C:/Users/red93/.pico-sdk/toolchain/14_2_Rel1/bin/../lib/gcc/arm-none-eabi/14.2.1/thumb/v8-m.main+fp/softfp\libg.a
LOAD C:/Users/red93/.pico-sdk/toolchain/14_2_Rel1/bin/../lib/gcc/arm-none-eabi/14.2.1/thumb/v8-m.main+fp/softfp\libc.a
END GROUP
START GROUP
LOAD C:/Users/red93/.pico-sdk/toolchain/14_2_Rel1/bin/../lib/gcc/arm-none-eabi/14.2.1/thumb/v8-m.main+fp/softfp\libgcc.a
LOAD C:/Users/red93/.pico-sdk/toolchain/14_2_Rel1/bin/../lib/gcc/arm-none-eabi/14.2.1/thumb/v8-m.main+fp/softfp\libc.a
LOAD C:/Users/red93/.pico-sdk/toolchain/14_2_Rel1/bin/../lib/gcc/arm-none-eabi/14.2.1/thumb/v8-m.main+fp/softfp\libnosys.a
END GROUP
LOAD C:/Users/red93/.pico-sdk/toolchain/14_2_Rel1/bin/../lib/gcc/arm-none-eabi/14.2.1/thumb/v8-m.main+fp/softfp/crtend.o
LOAD C:/Users/red93/.pico-sdk/toolchain/14_2_Rel1/bin/../lib/gcc/arm-none-eabi/14.2.1/thumb/v8-m.main+fp/softfp/crtn.o
OUTPUT(Week06.elf elf32-littlearm)
LOAD linker stubs

.rel.dyn        0x10001ea4        0x0
 .rel.iplt      0x10001ea4        0x0 C:/Users/red93/.pico-sdk/toolchain/14_2_Rel1/bin/../lib/gcc/arm-none-eabi/14.2.1/thumb/v8-m.main+fp/softfp/crtbegin.o

.ARM.attributes
                0x00000000       0x34
 .ARM.attributes
                0x00000000       0x26 C:/Users/red93/.pico-sdk/toolchain/14_2_Rel1/bin/../lib/gcc/arm-none-eabi/14.2.1/thumb/v8-m.main+fp/softfp/crti.o
 .ARM.attributes
                0x00000026       0x36 C:/Users/red93/.pico-sdk/toolchain/14_2_Rel1/bin/../lib/gcc/arm-none-eabi/14.2.1/thumb/v8-m.main+fp/softfp/crtbegin.o
 .ARM.attributes
                0x0000005c       0x38 CMakeFiles/Week06.dir/Week06.c.obj
 .ARM.attributes
                0x00000094       0x38 CMakeFiles/Week06.dir/C_/Users/red93/.pico-sdk/sdk/2.2.0/src/rp2_common/hardware_gpio/gpio.c.obj
 .ARM.attributes
                0x000000cc       0x38 CMakeFiles/Week06.dir/C_/Users/red93/.pico-sdk/sdk/2.2.0/src/rp2_common/pico_platform_panic/panic.c.obj
 .ARM.attributes
                0x00000104       0x38 CMakeFiles/Week06.dir/C_/Users/red93/.pico-sdk/sdk/2.2.0/src/common/hardware_claim/claim.c.obj
 .ARM.attributes
                0x0000013c       0x38 CMakeFiles/Week06.dir/C_/Users/red93/.pico-sdk/sdk/2.2.0/src/rp2_common/hardware_sync/sync.c.obj
 .ARM.attributes
                0x00000174       0x38 CMakeFiles/Week06.dir/C_/Users/red93/.pico-sdk/sdk/2.2.0/src/rp2_common/hardware_sync_spin_lock/sync_spin_lock.c.obj
 .ARM.attributes
                0x000001ac       0x38 CMakeFiles/Week06.dir/C_/Users/red93/.pico-sdk/sdk/2.2.0/src/rp2_common/hardware_irq/irq.c.obj
 .ARM.attributes
                0x000001e4       0x38 CMakeFiles/Week06.dir/C_/Users/red93/.pico-sdk/sdk/2.2.0/src/common/pico_sync/lock_core.c.obj
 .ARM.attributes
                0x0000021c       0x38 CMakeFiles/Week06.dir/C_/Users/red93/.pico-sdk/sdk/2.2.0/src/common/pico_sync/mutex.c.obj
 .ARM.attributes
                0x00000254       0x38 CMakeFiles/Week06.dir/C_/Users/red93/.pico-sdk/sdk/2.2.0/src/common/pico_time/time.c.obj
 .ARM.attributes
                0x0000028c       0x38 CMakeFiles/Week06.dir/C_/Users/red93/.pico-sdk/sdk/2.2.0/src/rp2_common/hardware_timer/timer.c.obj
 .ARM.attributes
                0x000002c4       0x38 CMakeFiles/Week06.dir/C_/Users/red93/.pico-sdk/sdk/2.2.0/src/rp2_common/hardware_clocks/clocks.c.obj
 .ARM.attributes
                0x000002fc       0x38 CMakeFiles/Week06.dir/C_/Users/red93/.pico-sdk/sdk/2.2.0/src/rp2_common/hardware_pll/pll.c.obj
 .ARM.attributes
                0x00000334       0x38 CMakeFiles/Week06.dir/C_/Users/red93/.pico-sdk/sdk/2.2.0/src/rp2_common/hardware_ticks/ticks.c.obj
 .ARM.attributes
                0x0000036c       0x38 CMakeFiles/Week06.dir/C_/Users/red93/.pico-sdk/sdk/2.2.0/src/rp2_common/pico_bootrom/bootrom.c.obj
 .ARM.attributes
                0x000003a4       0x38 CMakeFiles/Week06.dir/C_/Users/red93/.pico-sdk/sdk/2.2.0/src/rp2_common/pico_bootrom/bootrom_lock.c.obj
 .ARM.attributes
                0x000003dc       0x38 CMakeFiles/Week06.dir/C_/Users/red93/.pico-sdk/sdk/2.2.0/src/rp2_common/hardware_boot_lock/boot_lock.c.obj
 .ARM.attributes
                0x00000414       0x38 CMakeFiles/Week06.dir/C_/Users/red93/.pico-sdk/sdk/2.2.0/src/rp2_common/hardware_xosc/xosc.c.obj
 .ARM.attributes
                0x0000044c       0x38 CMakeFiles/Week06.dir/C_/Users/red93/.pico-sdk/sdk/2.2.0/src/rp2_common/pico_runtime/runtime.c.obj
 .ARM.attributes
                0x00000484       0x38 CMakeFiles/Week06.dir/C_/Users/red93/.pico-sdk/sdk/2.2.0/src/rp2_common/pico_runtime_init/runtime_init.c.obj
 .ARM.attributes
                0x000004bc       0x38 CMakeFiles/Week06.dir/C_/Users/red93/.pico-sdk/sdk/2.2.0/src/rp2_common/pico_runtime_init/runtime_init_clocks.c.obj
 .ARM.attributes
                0x000004f4       0x38 CMakeFiles/Week06.dir/C_/Users/red93/.pico-sdk/sdk/2.2.0/src/rp2_common/pico_standard_binary_info/standard_binary_info.c.obj
 .ARM.attributes
                0x0000052c       0x38 CMakeFiles/Week06.dir/C_/Users/red93/.pico-sdk/sdk/2.2.0/src/rp2_common/pico_printf/printf.c.obj
 .ARM.attributes
                0x00000564       0x28 CMakeFiles/Week06.dir/C_/Users/red93/.pico-sdk/sdk/2.2.0/src/rp2_common/pico_crt0/crt0.S.obj
 .ARM.attributes
                0x0000058c       0x38 CMakeFiles/Week06.dir/C_/Users/red93/.pico-sdk/sdk/2.2.0/src/rp2_common/pico_clib_interface/newlib_interface.c.obj
 .ARM.attributes
                0x000005c4       0x38 CMakeFiles/Week06.dir/C_/Users/red93/.pico-sdk/sdk/2.2.0/src/rp2_common/pico_stdio/stdio.c.obj
 .ARM.attributes
                0x000005fc       0x38 CMakeFiles/Week06.dir/C_/Users/red93/.pico-sdk/sdk/2.2.0/src/rp2_common/hardware_spi/spi.c.obj
 .ARM.attributes
                0x00000634       0x24 C:/Users/red93/.pico-sdk/toolchain/14_2_Rel1/bin/../lib/gcc/arm-none-eabi/14.2.1/thumb/v8-m.main+fp/softfp\libg.a(libc_a-memcpy.o)
 .ARM.attributes
                0x00000658       0x36 C:/Users/red93/.pico-sdk/toolchain/14_2_Rel1/bin/../lib/gcc/arm-none-eabi/14.2.1/thumb/v8-m.main+fp/softfp\libg.a(libc_a-strlen-stub.o)
 .ARM.attributes
                0x0000068e       0x36 C:/Users/red93/.pico-sdk/toolchain/14_2_Rel1/bin/../lib/gcc/arm-none-eabi/14.2.1/thumb/v8-m.main+fp/softfp/crtend.o

.comment        0x00000000       0x45
 .comment       0x00000000       0x45 CMakeFiles/Week06.dir/Week06.c.obj
                                 0x46 (size before relaxing)
 .comment       0x00000045       0x46 CMakeFiles/Week06.dir/C_/Users/red93/.pico-sdk/sdk/2.2.0/src/rp2_common/hardware_gpio/gpio.c.obj
 .comment       0x00000045       0x46 CMakeFiles/Week06.dir/C_/Users/red93/.pico-sdk/sdk/2.2.0/src/rp2_common/pico_platform_panic/panic.c.obj
 .comment       0x00000045       0x46 CMakeFiles/Week06.dir/C_/Users/red93/.pico-sdk/sdk/2.2.0/src/common/hardware_claim/claim.c.obj
 .comment       0x00000045       0x46 CMakeFiles/Week06.dir/C_/Users/red93/.pico-sdk/sdk/2.2.0/src/rp2_common/hardware_sync/sync.c.obj
 .comment       0x00000045       0x46 CMakeFiles/Week06.dir/C_/Users/red93/.pico-sdk/sdk/2.2.0/src/rp2_common/hardware_sync_spin_lock/sync_spin_lock.c.obj
 .comment       0x00000045       0x46 CMakeFiles/Week06.dir/C_/Users/red93/.pico-sdk/sdk/2.2.0/src/rp2_common/hardware_irq/irq.c.obj
 .comment       0x00000045       0x46 CMakeFiles/Week06.dir/C_/Users/red93/.pico-sdk/sdk/2.2.0/src/common/pico_sync/lock_core.c.obj
 .comment       0x00000045       0x46 CMakeFiles/Week06.dir/C_/Users/red93/.pico-sdk/sdk/2.2.0/src/common/pico_sync/mutex.c.obj
 .comment       0x00000045       0x46 CMakeFiles/Week06.dir/C_/Users/red93/.pico-sdk/sdk/2.2.0/src/common/pico_time/time.c.obj
 .comment       0x00000045       0x46 CMakeFiles/Week06.dir/C_/Users/red93/.pico-sdk/sdk/2.2.0/src/rp2_common/hardware_timer/timer.c.obj
 .comment       0x00000045       0x46 CMakeFiles/Week06.dir/C_/Users/red93/.pico-sdk/sdk/2.2.0/src/rp2_common/hardware_clocks/clocks.c.obj
 .comment       0x00000045       0x46 CMakeFiles/Week06.dir/C_/Users/red93/.pico-sdk/sdk/2.2.0/src/rp2_common/hardware_pll/pll.c.obj
 .comment       0x00000045       0x46 CMakeFiles/Week06.dir/C_/Users/red93/.pico-sdk/sdk/2.2.0/src/rp2_common/hardware_ticks/ticks.c.obj
 .comment       0x00000045       0x46 CMakeFiles/Week06.dir/C_/Users/red93/.pico-sdk/sdk/2.2.0/src/rp2_common/pico_bootrom/bootrom.c.obj
 .comment       0x00000045       0x46 CMakeFiles/Week06.dir/C_/Users/red93/.pico-sdk/sdk/2.2.0/src/rp2_common/pico_bootrom/bootrom_lock.c.obj
 .comment       0x00000045       0x46 CMakeFiles/Week06.dir/C_/Users/red93/.pico-sdk/sdk/2.2.0/src/rp2_common/hardware_boot_lock/boot_lock.c.obj
 .comment       0x00000045       0x46 CMakeFiles/Week06.dir/C_/Users/red93/.pico-sdk/sdk/2.2.0/src/rp2_common/hardware_xosc/xosc.c.obj
 .comment       0x00000045       0x46 CMakeFiles/Week06.dir/C_/Users/red93/.pico-sdk/sdk/2.2.0/src/rp2_common/pico_runtime/runtime.c.obj
 .comment       0x00000045       0x46 CMakeFiles/Week06.dir/C_/Users/red93/.pico-sdk/sdk/2.2.0/src/rp2_common/pico_runtime_init/runtime_init.c.obj
 .comment       0x00000045       0x46 CMakeFiles/Week06.dir/C_/Users/red93/.pico-sdk/sdk/2.2.0/src/rp2_common/pico_runtime_init/runtime_init_clocks.c.obj
 .comment       0x00000045       0x46 CMakeFiles/Week06.dir/C_/Users/red93/.pico-sdk/sdk/2.2.0/src/rp2_common/pico_standard_binary_info/standard_binary_info.c.obj
 .comment       0x00000045       0x46 CMakeFiles/Week06.dir/C_/Users/red93/.pico-sdk/sdk/2.2.0/src/rp2_common/pico_printf/printf.c.obj
 .comment       0x00000045       0x46 CMakeFiles/Week06.dir/C_/Users/red93/.pico-sdk/sdk/2.2.0/src/rp2_common/pico_clib_interface/newlib_interface.c.obj
 .comment       0x00000045       0x46 CMakeFiles/Week06.dir/C_/Users/red93/.pico-sdk/sdk/2.2.0/src/rp2_common/pico_stdio/stdio.c.obj
 .comment       0x00000045       0x46 CMakeFiles/Week06.dir/C_/Users/red93/.pico-sdk/sdk/2.2.0/src/rp2_common/hardware_spi/spi.c.obj

.debug_info     0x00000000    0x1f28b
 .debug_info    0x00000000      0xeef CMakeFiles/Week06.dir/Week06.c.obj
 .debug_info    0x00000eef     0x2416 CMakeFiles/Week06.dir/C_/Users/red93/.pico-sdk/sdk/2.2.0/src/rp2_common/hardware_gpio/gpio.c.obj
 .debug_info    0x00003305      0x1be CMakeFiles/Week06.dir/C_/Users/red93/.pico-sdk/sdk/2.2.0/src/rp2_common/pico_platform_panic/panic.c.obj
 .debug_info    0x000034c3      0xb78 CMakeFiles/Week06.dir/C_/Users/red93/.pico-sdk/sdk/2.2.0/src/common/hardware_claim/claim.c.obj
 .debug_info    0x0000403b      0x46f CMakeFiles/Week06.dir/C_/Users/red93/.pico-sdk/sdk/2.2.0/src/rp2_common/hardware_sync/sync.c.obj
 .debug_info    0x000044aa     0x145e CMakeFiles/Week06.dir/C_/Users/red93/.pico-sdk/sdk/2.2.0/src/rp2_common/hardware_sync_spin_lock/sync_spin_lock.c.obj
 .debug_info    0x00005908     0x262d CMakeFiles/Week06.dir/C_/Users/red93/.pico-sdk/sdk/2.2.0/src/rp2_common/hardware_irq/irq.c.obj
 .debug_info    0x00007f35      0x187 CMakeFiles/Week06.dir/C_/Users/red93/.pico-sdk/sdk/2.2.0/src/common/pico_sync/lock_core.c.obj
 .debug_info    0x000080bc     0x1e7c CMakeFiles/Week06.dir/C_/Users/red93/.pico-sdk/sdk/2.2.0/src/common/pico_sync/mutex.c.obj
 .debug_info    0x00009f38     0x5492 CMakeFiles/Week06.dir/C_/Users/red93/.pico-sdk/sdk/2.2.0/src/common/pico_time/time.c.obj
 .debug_info    0x0000f3ca     0x30c6 CMakeFiles/Week06.dir/C_/Users/red93/.pico-sdk/sdk/2.2.0/src/rp2_common/hardware_timer/timer.c.obj
 .debug_info    0x00012490     0x28c2 CMakeFiles/Week06.dir/C_/Users/red93/.pico-sdk/sdk/2.2.0/src/rp2_common/hardware_clocks/clocks.c.obj
 .debug_info    0x00014d52      0x507 CMakeFiles/Week06.dir/C_/Users/red93/.pico-sdk/sdk/2.2.0/src/rp2_common/hardware_pll/pll.c.obj
 .debug_info    0x00015259      0x26c CMakeFiles/Week06.dir/C_/Users/red93/.pico-sdk/sdk/2.2.0/src/rp2_common/hardware_ticks/ticks.c.obj
 .debug_info    0x000154c5     0x10ab CMakeFiles/Week06.dir/C_/Users/red93/.pico-sdk/sdk/2.2.0/src/rp2_common/pico_bootrom/bootrom.c.obj
 .debug_info    0x00016570      0x1c4 CMakeFiles/Week06.dir/C_/Users/red93/.pico-sdk/sdk/2.2.0/src/rp2_common/pico_bootrom/bootrom_lock.c.obj
 .debug_info    0x00016734      0x316 CMakeFiles/Week06.dir/C_/Users/red93/.pico-sdk/sdk/2.2.0/src/rp2_common/hardware_boot_lock/boot_lock.c.obj
 .debug_info    0x00016a4a      0x1b1 CMakeFiles/Week06.dir/C_/Users/red93/.pico-sdk/sdk/2.2.0/src/rp2_common/hardware_xosc/xosc.c.obj
 .debug_info    0x00016bfb      0x21a CMakeFiles/Week06.dir/C_/Users/red93/.pico-sdk/sdk/2.2.0/src/rp2_common/pico_runtime/runtime.c.obj
 .debug_info    0x00016e15     0x1c34 CMakeFiles/Week06.dir/C_/Users/red93/.pico-sdk/sdk/2.2.0/src/rp2_common/pico_runtime_init/runtime_init.c.obj
 .debug_info    0x00018a49      0x7c9 CMakeFiles/Week06.dir/C_/Users/red93/.pico-sdk/sdk/2.2.0/src/rp2_common/pico_runtime_init/runtime_init_clocks.c.obj
 .debug_info    0x00019212      0x2e2 CMakeFiles/Week06.dir/C_/Users/red93/.pico-sdk/sdk/2.2.0/src/rp2_common/pico_standard_binary_info/standard_binary_info.c.obj
 .debug_info    0x000194f4     0x22ff CMakeFiles/Week06.dir/C_/Users/red93/.pico-sdk/sdk/2.2.0/src/rp2_common/pico_printf/printf.c.obj
 .debug_info    0x0001b7f3       0x23 CMakeFiles/Week06.dir/C_/Users/red93/.pico-sdk/sdk/2.2.0/src/rp2_common/pico_crt0/crt0.S.obj
 .debug_info    0x0001b816      0xc25 CMakeFiles/Week06.dir/C_/Users/red93/.pico-sdk/sdk/2.2.0/src/rp2_common/pico_clib_interface/newlib_interface.c.obj
 .debug_info    0x0001c43b     0x1c24 CMakeFiles/Week06.dir/C_/Users/red93/.pico-sdk/sdk/2.2.0/src/rp2_common/pico_stdio/stdio.c.obj
 .debug_info    0x0001e05f     0x122c CMakeFiles/Week06.dir/C_/Users/red93/.pico-sdk/sdk/2.2.0/src/rp2_common/hardware_spi/spi.c.obj

.debug_abbrev   0x00000000     0x5345
 .debug_abbrev  0x00000000      0x3a6 CMakeFiles/Week06.dir/Week06.c.obj
 .debug_abbrev  0x000003a6      0x558 CMakeFiles/Week06.dir/C_/Users/red93/.pico-sdk/sdk/2.2.0/src/rp2_common/hardware_gpio/gpio.c.obj
 .debug_abbrev  0x000008fe      0x12b CMakeFiles/Week06.dir/C_/Users/red93/.pico-sdk/sdk/2.2.0/src/rp2_common/pico_platform_panic/panic.c.obj
 .debug_abbrev  0x00000a29      0x35e CMakeFiles/Week06.dir/C_/Users/red93/.pico-sdk/sdk/2.2.0/src/common/hardware_claim/claim.c.obj
 .debug_abbrev  0x00000d87      0x22f CMakeFiles/Week06.dir/C_/Users/red93/.pico-sdk/sdk/2.2.0/src/rp2_common/hardware_sync/sync.c.obj
 .debug_abbrev  0x00000fb6      0x26e CMakeFiles/Week06.dir/C_/Users/red93/.pico-sdk/sdk/2.2.0/src/rp2_common/hardware_sync_spin_lock/sync_spin_lock.c.obj
 .debug_abbrev  0x00001224      0x63b CMakeFiles/Week06.dir/C_/Users/red93/.pico-sdk/sdk/2.2.0/src/rp2_common/hardware_irq/irq.c.obj
 .debug_abbrev  0x0000185f      0x11e CMakeFiles/Week06.dir/C_/Users/red93/.pico-sdk/sdk/2.2.0/src/common/pico_sync/lock_core.c.obj
 .debug_abbrev  0x0000197d      0x49b CMakeFiles/Week06.dir/C_/Users/red93/.pico-sdk/sdk/2.2.0/src/common/pico_sync/mutex.c.obj
 .debug_abbrev  0x00001e18      0x644 CMakeFiles/Week06.dir/C_/Users/red93/.pico-sdk/sdk/2.2.0/src/common/pico_time/time.c.obj
 .debug_abbrev  0x0000245c      0x4f9 CMakeFiles/Week06.dir/C_/Users/red93/.pico-sdk/sdk/2.2.0/src/rp2_common/hardware_timer/timer.c.obj
 .debug_abbrev  0x00002955      0x517 CMakeFiles/Week06.dir/C_/Users/red93/.pico-sdk/sdk/2.2.0/src/rp2_common/hardware_clocks/clocks.c.obj
 .debug_abbrev  0x00002e6c      0x1a8 CMakeFiles/Week06.dir/C_/Users/red93/.pico-sdk/sdk/2.2.0/src/rp2_common/hardware_pll/pll.c.obj
 .debug_abbrev  0x00003014      0x146 CMakeFiles/Week06.dir/C_/Users/red93/.pico-sdk/sdk/2.2.0/src/rp2_common/hardware_ticks/ticks.c.obj
 .debug_abbrev  0x0000315a      0x458 CMakeFiles/Week06.dir/C_/Users/red93/.pico-sdk/sdk/2.2.0/src/rp2_common/pico_bootrom/bootrom.c.obj
 .debug_abbrev  0x000035b2       0xfb CMakeFiles/Week06.dir/C_/Users/red93/.pico-sdk/sdk/2.2.0/src/rp2_common/pico_bootrom/bootrom_lock.c.obj
 .debug_abbrev  0x000036ad      0x1de CMakeFiles/Week06.dir/C_/Users/red93/.pico-sdk/sdk/2.2.0/src/rp2_common/hardware_boot_lock/boot_lock.c.obj
 .debug_abbrev  0x0000388b      0x109 CMakeFiles/Week06.dir/C_/Users/red93/.pico-sdk/sdk/2.2.0/src/rp2_common/hardware_xosc/xosc.c.obj
 .debug_abbrev  0x00003994      0x182 CMakeFiles/Week06.dir/C_/Users/red93/.pico-sdk/sdk/2.2.0/src/rp2_common/pico_runtime/runtime.c.obj
 .debug_abbrev  0x00003b16      0x310 CMakeFiles/Week06.dir/C_/Users/red93/.pico-sdk/sdk/2.2.0/src/rp2_common/pico_runtime_init/runtime_init.c.obj
 .debug_abbrev  0x00003e26      0x2b8 CMakeFiles/Week06.dir/C_/Users/red93/.pico-sdk/sdk/2.2.0/src/rp2_common/pico_runtime_init/runtime_init_clocks.c.obj
 .debug_abbrev  0x000040de       0xb8 CMakeFiles/Week06.dir/C_/Users/red93/.pico-sdk/sdk/2.2.0/src/rp2_common/pico_standard_binary_info/standard_binary_info.c.obj
 .debug_abbrev  0x00004196      0x505 CMakeFiles/Week06.dir/C_/Users/red93/.pico-sdk/sdk/2.2.0/src/rp2_common/pico_printf/printf.c.obj
 .debug_abbrev  0x0000469b       0x12 CMakeFiles/Week06.dir/C_/Users/red93/.pico-sdk/sdk/2.2.0/src/rp2_common/pico_crt0/crt0.S.obj
 .debug_abbrev  0x000046ad      0x375 CMakeFiles/Week06.dir/C_/Users/red93/.pico-sdk/sdk/2.2.0/src/rp2_common/pico_clib_interface/newlib_interface.c.obj
 .debug_abbrev  0x00004a22      0x5fd CMakeFiles/Week06.dir/C_/Users/red93/.pico-sdk/sdk/2.2.0/src/rp2_common/pico_stdio/stdio.c.obj
 .debug_abbrev  0x0000501f      0x326 CMakeFiles/Week06.dir/C_/Users/red93/.pico-sdk/sdk/2.2.0/src/rp2_common/hardware_spi/spi.c.obj

.debug_loclists
                0x00000000     0xf6d6
 .debug_loclists
                0x00000000      0x2a2 CMakeFiles/Week06.dir/Week06.c.obj
 .debug_loclists
                0x000002a2     0x17d5 CMakeFiles/Week06.dir/C_/Users/red93/.pico-sdk/sdk/2.2.0/src/rp2_common/hardware_gpio/gpio.c.obj
 .debug_loclists
                0x00001a77      0x42d CMakeFiles/Week06.dir/C_/Users/red93/.pico-sdk/sdk/2.2.0/src/common/hardware_claim/claim.c.obj
 .debug_loclists
                0x00001ea4      0x132 CMakeFiles/Week06.dir/C_/Users/red93/.pico-sdk/sdk/2.2.0/src/rp2_common/hardware_sync/sync.c.obj
 .debug_loclists
                0x00001fd6       0xa2 CMakeFiles/Week06.dir/C_/Users/red93/.pico-sdk/sdk/2.2.0/src/rp2_common/hardware_sync_spin_lock/sync_spin_lock.c.obj
 .debug_loclists
                0x00002078     0x1034 CMakeFiles/Week06.dir/C_/Users/red93/.pico-sdk/sdk/2.2.0/src/rp2_common/hardware_irq/irq.c.obj
 .debug_loclists
                0x000030ac       0x17 CMakeFiles/Week06.dir/C_/Users/red93/.pico-sdk/sdk/2.2.0/src/common/pico_sync/lock_core.c.obj
 .debug_loclists
                0x000030c3      0xae7 CMakeFiles/Week06.dir/C_/Users/red93/.pico-sdk/sdk/2.2.0/src/common/pico_sync/mutex.c.obj
 .debug_loclists
                0x00003baa     0x2c58 CMakeFiles/Week06.dir/C_/Users/red93/.pico-sdk/sdk/2.2.0/src/common/pico_time/time.c.obj
 .debug_loclists
                0x00006802     0x1a3f CMakeFiles/Week06.dir/C_/Users/red93/.pico-sdk/sdk/2.2.0/src/rp2_common/hardware_timer/timer.c.obj
 .debug_loclists
                0x00008241     0x2038 CMakeFiles/Week06.dir/C_/Users/red93/.pico-sdk/sdk/2.2.0/src/rp2_common/hardware_clocks/clocks.c.obj
 .debug_loclists
                0x0000a279      0x1b7 CMakeFiles/Week06.dir/C_/Users/red93/.pico-sdk/sdk/2.2.0/src/rp2_common/hardware_pll/pll.c.obj
 .debug_loclists
                0x0000a430       0x8b CMakeFiles/Week06.dir/C_/Users/red93/.pico-sdk/sdk/2.2.0/src/rp2_common/hardware_ticks/ticks.c.obj
 .debug_loclists
                0x0000a4bb      0x812 CMakeFiles/Week06.dir/C_/Users/red93/.pico-sdk/sdk/2.2.0/src/rp2_common/pico_bootrom/bootrom.c.obj
 .debug_loclists
                0x0000accd       0x28 CMakeFiles/Week06.dir/C_/Users/red93/.pico-sdk/sdk/2.2.0/src/rp2_common/pico_bootrom/bootrom_lock.c.obj
 .debug_loclists
                0x0000acf5       0x78 CMakeFiles/Week06.dir/C_/Users/red93/.pico-sdk/sdk/2.2.0/src/rp2_common/hardware_boot_lock/boot_lock.c.obj
 .debug_loclists
                0x0000ad6d       0x48 CMakeFiles/Week06.dir/C_/Users/red93/.pico-sdk/sdk/2.2.0/src/rp2_common/hardware_xosc/xosc.c.obj
 .debug_loclists
                0x0000adb5       0x7e CMakeFiles/Week06.dir/C_/Users/red93/.pico-sdk/sdk/2.2.0/src/rp2_common/pico_runtime/runtime.c.obj
 .debug_loclists
                0x0000ae33      0x129 CMakeFiles/Week06.dir/C_/Users/red93/.pico-sdk/sdk/2.2.0/src/rp2_common/pico_runtime_init/runtime_init.c.obj
 .debug_loclists
                0x0000af5c       0x74 CMakeFiles/Week06.dir/C_/Users/red93/.pico-sdk/sdk/2.2.0/src/rp2_common/pico_runtime_init/runtime_init_clocks.c.obj
 .debug_loclists
                0x0000afd0     0x2e21 CMakeFiles/Week06.dir/C_/Users/red93/.pico-sdk/sdk/2.2.0/src/rp2_common/pico_printf/printf.c.obj
 .debug_loclists
                0x0000ddf1      0x425 CMakeFiles/Week06.dir/C_/Users/red93/.pico-sdk/sdk/2.2.0/src/rp2_common/pico_clib_interface/newlib_interface.c.obj
 .debug_loclists
                0x0000e216      0xb26 CMakeFiles/Week06.dir/C_/Users/red93/.pico-sdk/sdk/2.2.0/src/rp2_common/pico_stdio/stdio.c.obj
 .debug_loclists
                0x0000ed3c      0x99a CMakeFiles/Week06.dir/C_/Users/red93/.pico-sdk/sdk/2.2.0/src/rp2_common/hardware_spi/spi.c.obj

.debug_aranges  0x00000000      0xa88
 .debug_aranges
                0x00000000       0x28 CMakeFiles/Week06.dir/Week06.c.obj
 .debug_aranges
                0x00000028      0x118 CMakeFiles/Week06.dir/C_/Users/red93/.pico-sdk/sdk/2.2.0/src/rp2_common/hardware_gpio/gpio.c.obj
 .debug_aranges
                0x00000140       0x28 CMakeFiles/Week06.dir/C_/Users/red93/.pico-sdk/sdk/2.2.0/src/rp2_common/pico_platform_panic/panic.c.obj
 .debug_aranges
                0x00000168       0x48 CMakeFiles/Week06.dir/C_/Users/red93/.pico-sdk/sdk/2.2.0/src/common/hardware_claim/claim.c.obj
 .debug_aranges
                0x000001b0       0x48 CMakeFiles/Week06.dir/C_/Users/red93/.pico-sdk/sdk/2.2.0/src/rp2_common/hardware_sync/sync.c.obj
 .debug_aranges
                0x000001f8       0x30 CMakeFiles/Week06.dir/C_/Users/red93/.pico-sdk/sdk/2.2.0/src/rp2_common/hardware_sync_spin_lock/sync_spin_lock.c.obj
 .debug_aranges
                0x00000228       0xb8 CMakeFiles/Week06.dir/C_/Users/red93/.pico-sdk/sdk/2.2.0/src/rp2_common/hardware_irq/irq.c.obj
 .debug_aranges
                0x000002e0       0x20 CMakeFiles/Week06.dir/C_/Users/red93/.pico-sdk/sdk/2.2.0/src/common/pico_sync/lock_core.c.obj
 .debug_aranges
                0x00000300       0x98 CMakeFiles/Week06.dir/C_/Users/red93/.pico-sdk/sdk/2.2.0/src/common/pico_sync/mutex.c.obj
 .debug_aranges
                0x00000398       0xe0 CMakeFiles/Week06.dir/C_/Users/red93/.pico-sdk/sdk/2.2.0/src/common/pico_time/time.c.obj
 .debug_aranges
                0x00000478       0xf0 CMakeFiles/Week06.dir/C_/Users/red93/.pico-sdk/sdk/2.2.0/src/rp2_common/hardware_timer/timer.c.obj
 .debug_aranges
                0x00000568       0x90 CMakeFiles/Week06.dir/C_/Users/red93/.pico-sdk/sdk/2.2.0/src/rp2_common/hardware_clocks/clocks.c.obj
 .debug_aranges
                0x000005f8       0x28 CMakeFiles/Week06.dir/C_/Users/red93/.pico-sdk/sdk/2.2.0/src/rp2_common/hardware_pll/pll.c.obj
 .debug_aranges
                0x00000620       0x30 CMakeFiles/Week06.dir/C_/Users/red93/.pico-sdk/sdk/2.2.0/src/rp2_common/hardware_ticks/ticks.c.obj
 .debug_aranges
                0x00000650       0x60 CMakeFiles/Week06.dir/C_/Users/red93/.pico-sdk/sdk/2.2.0/src/rp2_common/pico_bootrom/bootrom.c.obj
 .debug_aranges
                0x000006b0       0x20 CMakeFiles/Week06.dir/C_/Users/red93/.pico-sdk/sdk/2.2.0/src/rp2_common/pico_bootrom/bootrom_lock.c.obj
 .debug_aranges
                0x000006d0       0x30 CMakeFiles/Week06.dir/C_/Users/red93/.pico-sdk/sdk/2.2.0/src/rp2_common/hardware_boot_lock/boot_lock.c.obj
 .debug_aranges
                0x00000700       0x30 CMakeFiles/Week06.dir/C_/Users/red93/.pico-sdk/sdk/2.2.0/src/rp2_common/hardware_xosc/xosc.c.obj
 .debug_aranges
                0x00000730       0x38 CMakeFiles/Week06.dir/C_/Users/red93/.pico-sdk/sdk/2.2.0/src/rp2_common/pico_runtime/runtime.c.obj
 .debug_aranges
                0x00000768       0x58 CMakeFiles/Week06.dir/C_/Users/red93/.pico-sdk/sdk/2.2.0/src/rp2_common/pico_runtime_init/runtime_init.c.obj
 .debug_aranges
                0x000007c0       0x20 CMakeFiles/Week06.dir/C_/Users/red93/.pico-sdk/sdk/2.2.0/src/rp2_common/pico_runtime_init/runtime_init_clocks.c.obj
 .debug_aranges
                0x000007e0       0x18 CMakeFiles/Week06.dir/C_/Users/red93/.pico-sdk/sdk/2.2.0/src/rp2_common/pico_standard_binary_info/standard_binary_info.c.obj
 .debug_aranges
                0x000007f8       0x90 CMakeFiles/Week06.dir/C_/Users/red93/.pico-sdk/sdk/2.2.0/src/rp2_common/pico_printf/printf.c.obj
 .debug_aranges
                0x00000888       0x28 CMakeFiles/Week06.dir/C_/Users/red93/.pico-sdk/sdk/2.2.0/src/rp2_common/pico_crt0/crt0.S.obj
 .debug_aranges
                0x000008b0       0xa8 CMakeFiles/Week06.dir/C_/Users/red93/.pico-sdk/sdk/2.2.0/src/rp2_common/pico_clib_interface/newlib_interface.c.obj
 .debug_aranges
                0x00000958       0xc8 CMakeFiles/Week06.dir/C_/Users/red93/.pico-sdk/sdk/2.2.0/src/rp2_common/pico_stdio/stdio.c.obj
 .debug_aranges
                0x00000a20       0x68 CMakeFiles/Week06.dir/C_/Users/red93/.pico-sdk/sdk/2.2.0/src/rp2_common/hardware_spi/spi.c.obj

.debug_rnglists
                0x00000000     0x2ebb
 .debug_rnglists
                0x00000000       0xc9 CMakeFiles/Week06.dir/Week06.c.obj
 .debug_rnglists
                0x000000c9      0x626 CMakeFiles/Week06.dir/C_/Users/red93/.pico-sdk/sdk/2.2.0/src/rp2_common/hardware_gpio/gpio.c.obj
 .debug_rnglists
                0x000006ef       0x19 CMakeFiles/Week06.dir/C_/Users/red93/.pico-sdk/sdk/2.2.0/src/rp2_common/pico_platform_panic/panic.c.obj
 .debug_rnglists
                0x00000708       0xf2 CMakeFiles/Week06.dir/C_/Users/red93/.pico-sdk/sdk/2.2.0/src/common/hardware_claim/claim.c.obj
 .debug_rnglists
                0x000007fa       0x5b CMakeFiles/Week06.dir/C_/Users/red93/.pico-sdk/sdk/2.2.0/src/rp2_common/hardware_sync/sync.c.obj
 .debug_rnglists
                0x00000855       0x43 CMakeFiles/Week06.dir/C_/Users/red93/.pico-sdk/sdk/2.2.0/src/rp2_common/hardware_sync_spin_lock/sync_spin_lock.c.obj
 .debug_rnglists
                0x00000898      0x3e4 CMakeFiles/Week06.dir/C_/Users/red93/.pico-sdk/sdk/2.2.0/src/rp2_common/hardware_irq/irq.c.obj
 .debug_rnglists
                0x00000c7c       0x13 CMakeFiles/Week06.dir/C_/Users/red93/.pico-sdk/sdk/2.2.0/src/common/pico_sync/lock_core.c.obj
 .debug_rnglists
                0x00000c8f      0x2ac CMakeFiles/Week06.dir/C_/Users/red93/.pico-sdk/sdk/2.2.0/src/common/pico_sync/mutex.c.obj
 .debug_rnglists
                0x00000f3b      0x847 CMakeFiles/Week06.dir/C_/Users/red93/.pico-sdk/sdk/2.2.0/src/common/pico_time/time.c.obj
 .debug_rnglists
                0x00001782      0x481 CMakeFiles/Week06.dir/C_/Users/red93/.pico-sdk/sdk/2.2.0/src/rp2_common/hardware_timer/timer.c.obj
 .debug_rnglists
                0x00001c03      0x610 CMakeFiles/Week06.dir/C_/Users/red93/.pico-sdk/sdk/2.2.0/src/rp2_common/hardware_clocks/clocks.c.obj
 .debug_rnglists
                0x00002213       0x59 CMakeFiles/Week06.dir/C_/Users/red93/.pico-sdk/sdk/2.2.0/src/rp2_common/hardware_pll/pll.c.obj
 .debug_rnglists
                0x0000226c       0x2b CMakeFiles/Week06.dir/C_/Users/red93/.pico-sdk/sdk/2.2.0/src/rp2_common/hardware_ticks/ticks.c.obj
 .debug_rnglists
                0x00002297      0x131 CMakeFiles/Week06.dir/C_/Users/red93/.pico-sdk/sdk/2.2.0/src/rp2_common/pico_bootrom/bootrom.c.obj
 .debug_rnglists
                0x000023c8       0x13 CMakeFiles/Week06.dir/C_/Users/red93/.pico-sdk/sdk/2.2.0/src/rp2_common/pico_bootrom/bootrom_lock.c.obj
 .debug_rnglists
                0x000023db       0x4f CMakeFiles/Week06.dir/C_/Users/red93/.pico-sdk/sdk/2.2.0/src/rp2_common/hardware_boot_lock/boot_lock.c.obj
 .debug_rnglists
                0x0000242a       0x2b CMakeFiles/Week06.dir/C_/Users/red93/.pico-sdk/sdk/2.2.0/src/rp2_common/hardware_xosc/xosc.c.obj
 .debug_rnglists
                0x00002455       0x3d CMakeFiles/Week06.dir/C_/Users/red93/.pico-sdk/sdk/2.2.0/src/rp2_common/pico_runtime/runtime.c.obj
 .debug_rnglists
                0x00002492       0x7c CMakeFiles/Week06.dir/C_/Users/red93/.pico-sdk/sdk/2.2.0/src/rp2_common/pico_runtime_init/runtime_init.c.obj
 .debug_rnglists
                0x0000250e       0x2c CMakeFiles/Week06.dir/C_/Users/red93/.pico-sdk/sdk/2.2.0/src/rp2_common/pico_runtime_init/runtime_init_clocks.c.obj
 .debug_rnglists
                0x0000253a      0x2fd CMakeFiles/Week06.dir/C_/Users/red93/.pico-sdk/sdk/2.2.0/src/rp2_common/pico_printf/printf.c.obj
 .debug_rnglists
                0x00002837       0x1b CMakeFiles/Week06.dir/C_/Users/red93/.pico-sdk/sdk/2.2.0/src/rp2_common/pico_crt0/crt0.S.obj
 .debug_rnglists
                0x00002852       0xb5 CMakeFiles/Week06.dir/C_/Users/red93/.pico-sdk/sdk/2.2.0/src/rp2_common/pico_clib_interface/newlib_interface.c.obj
 .debug_rnglists
                0x00002907      0x302 CMakeFiles/Week06.dir/C_/Users/red93/.pico-sdk/sdk/2.2.0/src/rp2_common/pico_stdio/stdio.c.obj
 .debug_rnglists
                0x00002c09      0x2b2 CMakeFiles/Week06.dir/C_/Users/red93/.pico-sdk/sdk/2.2.0/src/rp2_common/hardware_spi/spi.c.obj

.debug_line     0x00000000    0x14fa9
 .debug_line    0x00000000      0x83e CMakeFiles/Week06.dir/Week06.c.obj
 .debug_line    0x0000083e     0x1bb9 CMakeFiles/Week06.dir/C_/Users/red93/.pico-sdk/sdk/2.2.0/src/rp2_common/hardware_gpio/gpio.c.obj
 .debug_line    0x000023f7      0x285 CMakeFiles/Week06.dir/C_/Users/red93/.pico-sdk/sdk/2.2.0/src/rp2_common/pico_platform_panic/panic.c.obj
 .debug_line    0x0000267c      0x810 CMakeFiles/Week06.dir/C_/Users/red93/.pico-sdk/sdk/2.2.0/src/common/hardware_claim/claim.c.obj
 .debug_line    0x00002e8c      0x424 CMakeFiles/Week06.dir/C_/Users/red93/.pico-sdk/sdk/2.2.0/src/rp2_common/hardware_sync/sync.c.obj
 .debug_line    0x000032b0      0x3a4 CMakeFiles/Week06.dir/C_/Users/red93/.pico-sdk/sdk/2.2.0/src/rp2_common/hardware_sync_spin_lock/sync_spin_lock.c.obj
 .debug_line    0x00003654     0x1719 CMakeFiles/Week06.dir/C_/Users/red93/.pico-sdk/sdk/2.2.0/src/rp2_common/hardware_irq/irq.c.obj
 .debug_line    0x00004d6d      0x270 CMakeFiles/Week06.dir/C_/Users/red93/.pico-sdk/sdk/2.2.0/src/common/pico_sync/lock_core.c.obj
 .debug_line    0x00004fdd     0x127a CMakeFiles/Week06.dir/C_/Users/red93/.pico-sdk/sdk/2.2.0/src/common/pico_sync/mutex.c.obj
 .debug_line    0x00006257     0x31d4 CMakeFiles/Week06.dir/C_/Users/red93/.pico-sdk/sdk/2.2.0/src/common/pico_time/time.c.obj
 .debug_line    0x0000942b     0x1dd1 CMakeFiles/Week06.dir/C_/Users/red93/.pico-sdk/sdk/2.2.0/src/rp2_common/hardware_timer/timer.c.obj
 .debug_line    0x0000b1fc     0x1ecf CMakeFiles/Week06.dir/C_/Users/red93/.pico-sdk/sdk/2.2.0/src/rp2_common/hardware_clocks/clocks.c.obj
 .debug_line    0x0000d0cb      0x4eb CMakeFiles/Week06.dir/C_/Users/red93/.pico-sdk/sdk/2.2.0/src/rp2_common/hardware_pll/pll.c.obj
 .debug_line    0x0000d5b6      0x33a CMakeFiles/Week06.dir/C_/Users/red93/.pico-sdk/sdk/2.2.0/src/rp2_common/hardware_ticks/ticks.c.obj
 .debug_line    0x0000d8f0      0xb25 CMakeFiles/Week06.dir/C_/Users/red93/.pico-sdk/sdk/2.2.0/src/rp2_common/pico_bootrom/bootrom.c.obj
 .debug_line    0x0000e415      0x3bf CMakeFiles/Week06.dir/C_/Users/red93/.pico-sdk/sdk/2.2.0/src/rp2_common/pico_bootrom/bootrom_lock.c.obj
 .debug_line    0x0000e7d4      0x427 CMakeFiles/Week06.dir/C_/Users/red93/.pico-sdk/sdk/2.2.0/src/rp2_common/hardware_boot_lock/boot_lock.c.obj
 .debug_line    0x0000ebfb      0x36e CMakeFiles/Week06.dir/C_/Users/red93/.pico-sdk/sdk/2.2.0/src/rp2_common/hardware_xosc/xosc.c.obj
 .debug_line    0x0000ef69      0x319 CMakeFiles/Week06.dir/C_/Users/red93/.pico-sdk/sdk/2.2.0/src/rp2_common/pico_runtime/runtime.c.obj
 .debug_line    0x0000f282      0x6e5 CMakeFiles/Week06.dir/C_/Users/red93/.pico-sdk/sdk/2.2.0/src/rp2_common/pico_runtime_init/runtime_init.c.obj
 .debug_line    0x0000f967      0x592 CMakeFiles/Week06.dir/C_/Users/red93/.pico-sdk/sdk/2.2.0/src/rp2_common/pico_runtime_init/runtime_init_clocks.c.obj
 .debug_line    0x0000fef9      0x1f5 CMakeFiles/Week06.dir/C_/Users/red93/.pico-sdk/sdk/2.2.0/src/rp2_common/pico_standard_binary_info/standard_binary_info.c.obj
 .debug_line    0x000100ee     0x1bb6 CMakeFiles/Week06.dir/C_/Users/red93/.pico-sdk/sdk/2.2.0/src/rp2_common/pico_printf/printf.c.obj
 .debug_line    0x00011ca4       0x9e CMakeFiles/Week06.dir/C_/Users/red93/.pico-sdk/sdk/2.2.0/src/rp2_common/pico_crt0/crt0.S.obj
 .debug_line    0x00011d42      0x8a8 CMakeFiles/Week06.dir/C_/Users/red93/.pico-sdk/sdk/2.2.0/src/rp2_common/pico_clib_interface/newlib_interface.c.obj
 .debug_line    0x000125ea     0x14c8 CMakeFiles/Week06.dir/C_/Users/red93/.pico-sdk/sdk/2.2.0/src/rp2_common/pico_stdio/stdio.c.obj
 .debug_line    0x00013ab2     0x14f7 CMakeFiles/Week06.dir/C_/Users/red93/.pico-sdk/sdk/2.2.0/src/rp2_common/hardware_spi/spi.c.obj

.debug_str      0x00000000     0x525b
 .debug_str     0x00000000     0x525b CMakeFiles/Week06.dir/Week06.c.obj
                                0xc0b (size before relaxing)
 .debug_str     0x0000525b      0xd34 CMakeFiles/Week06.dir/C_/Users/red93/.pico-sdk/sdk/2.2.0/src/rp2_common/hardware_gpio/gpio.c.obj
 .debug_str     0x0000525b      0x20d CMakeFiles/Week06.dir/C_/Users/red93/.pico-sdk/sdk/2.2.0/src/rp2_common/pico_platform_panic/panic.c.obj
 .debug_str     0x0000525b      0x37f CMakeFiles/Week06.dir/C_/Users/red93/.pico-sdk/sdk/2.2.0/src/common/hardware_claim/claim.c.obj
 .debug_str     0x0000525b      0x32a CMakeFiles/Week06.dir/C_/Users/red93/.pico-sdk/sdk/2.2.0/src/rp2_common/hardware_sync/sync.c.obj
 .debug_str     0x0000525b      0xbd7 CMakeFiles/Week06.dir/C_/Users/red93/.pico-sdk/sdk/2.2.0/src/rp2_common/hardware_sync_spin_lock/sync_spin_lock.c.obj
 .debug_str     0x0000525b      0xc56 CMakeFiles/Week06.dir/C_/Users/red93/.pico-sdk/sdk/2.2.0/src/rp2_common/hardware_irq/irq.c.obj
 .debug_str     0x0000525b      0x21c CMakeFiles/Week06.dir/C_/Users/red93/.pico-sdk/sdk/2.2.0/src/common/pico_sync/lock_core.c.obj
 .debug_str     0x0000525b      0x8f0 CMakeFiles/Week06.dir/C_/Users/red93/.pico-sdk/sdk/2.2.0/src/common/pico_sync/mutex.c.obj
 .debug_str     0x0000525b     0x1312 CMakeFiles/Week06.dir/C_/Users/red93/.pico-sdk/sdk/2.2.0/src/common/pico_time/time.c.obj
 .debug_str     0x0000525b      0xbaa CMakeFiles/Week06.dir/C_/Users/red93/.pico-sdk/sdk/2.2.0/src/rp2_common/hardware_timer/timer.c.obj
 .debug_str     0x0000525b      0xb99 CMakeFiles/Week06.dir/C_/Users/red93/.pico-sdk/sdk/2.2.0/src/rp2_common/hardware_clocks/clocks.c.obj
 .debug_str     0x0000525b      0x4a3 CMakeFiles/Week06.dir/C_/Users/red93/.pico-sdk/sdk/2.2.0/src/rp2_common/hardware_pll/pll.c.obj
 .debug_str     0x0000525b      0x2d0 CMakeFiles/Week06.dir/C_/Users/red93/.pico-sdk/sdk/2.2.0/src/rp2_common/hardware_ticks/ticks.c.obj
 .debug_str     0x0000525b      0x96c CMakeFiles/Week06.dir/C_/Users/red93/.pico-sdk/sdk/2.2.0/src/rp2_common/pico_bootrom/bootrom.c.obj
 .debug_str     0x0000525b      0x2b8 CMakeFiles/Week06.dir/C_/Users/red93/.pico-sdk/sdk/2.2.0/src/rp2_common/pico_bootrom/bootrom_lock.c.obj
 .debug_str     0x0000525b      0x296 CMakeFiles/Week06.dir/C_/Users/red93/.pico-sdk/sdk/2.2.0/src/rp2_common/hardware_boot_lock/boot_lock.c.obj
 .debug_str     0x0000525b      0x249 CMakeFiles/Week06.dir/C_/Users/red93/.pico-sdk/sdk/2.2.0/src/rp2_common/hardware_xosc/xosc.c.obj
 .debug_str     0x0000525b      0x29f CMakeFiles/Week06.dir/C_/Users/red93/.pico-sdk/sdk/2.2.0/src/rp2_common/pico_runtime/runtime.c.obj
 .debug_str     0x0000525b     0x1223 CMakeFiles/Week06.dir/C_/Users/red93/.pico-sdk/sdk/2.2.0/src/rp2_common/pico_runtime_init/runtime_init.c.obj
 .debug_str     0x0000525b      0x4eb CMakeFiles/Week06.dir/C_/Users/red93/.pico-sdk/sdk/2.2.0/src/rp2_common/pico_runtime_init/runtime_init_clocks.c.obj
 .debug_str     0x0000525b      0x448 CMakeFiles/Week06.dir/C_/Users/red93/.pico-sdk/sdk/2.2.0/src/rp2_common/pico_standard_binary_info/standard_binary_info.c.obj
 .debug_str     0x0000525b      0x4b5 CMakeFiles/Week06.dir/C_/Users/red93/.pico-sdk/sdk/2.2.0/src/rp2_common/pico_printf/printf.c.obj
 .debug_str     0x0000525b       0x7a CMakeFiles/Week06.dir/C_/Users/red93/.pico-sdk/sdk/2.2.0/src/rp2_common/pico_crt0/crt0.S.obj
 .debug_str     0x0000525b      0x89e CMakeFiles/Week06.dir/C_/Users/red93/.pico-sdk/sdk/2.2.0/src/rp2_common/pico_clib_interface/newlib_interface.c.obj
 .debug_str     0x0000525b      0xc33 CMakeFiles/Week06.dir/C_/Users/red93/.pico-sdk/sdk/2.2.0/src/rp2_common/pico_stdio/stdio.c.obj
 .debug_str     0x0000525b      0x786 CMakeFiles/Week06.dir/C_/Users/red93/.pico-sdk/sdk/2.2.0/src/rp2_common/hardware_spi/spi.c.obj

.debug_frame    0x00000000     0x1dc0
 .debug_frame   0x00000000       0x50 CMakeFiles/Week06.dir/Week06.c.obj
 .debug_frame   0x00000050      0x374 CMakeFiles/Week06.dir/C_/Users/red93/.pico-sdk/sdk/2.2.0/src/rp2_common/hardware_gpio/gpio.c.obj
 .debug_frame   0x000003c4       0x4c CMakeFiles/Week06.dir/C_/Users/red93/.pico-sdk/sdk/2.2.0/src/rp2_common/pico_platform_panic/panic.c.obj
 .debug_frame   0x00000410       0x94 CMakeFiles/Week06.dir/C_/Users/red93/.pico-sdk/sdk/2.2.0/src/common/hardware_claim/claim.c.obj
 .debug_frame   0x000004a4       0x94 CMakeFiles/Week06.dir/C_/Users/red93/.pico-sdk/sdk/2.2.0/src/rp2_common/hardware_sync/sync.c.obj
 .debug_frame   0x00000538       0x40 CMakeFiles/Week06.dir/C_/Users/red93/.pico-sdk/sdk/2.2.0/src/rp2_common/hardware_sync_spin_lock/sync_spin_lock.c.obj
 .debug_frame   0x00000578      0x1cc CMakeFiles/Week06.dir/C_/Users/red93/.pico-sdk/sdk/2.2.0/src/rp2_common/hardware_irq/irq.c.obj
 .debug_frame   0x00000744       0x20 CMakeFiles/Week06.dir/C_/Users/red93/.pico-sdk/sdk/2.2.0/src/common/pico_sync/lock_core.c.obj
 .debug_frame   0x00000764      0x1d0 CMakeFiles/Week06.dir/C_/Users/red93/.pico-sdk/sdk/2.2.0/src/common/pico_sync/mutex.c.obj
 .debug_frame   0x00000934      0x378 CMakeFiles/Week06.dir/C_/Users/red93/.pico-sdk/sdk/2.2.0/src/common/pico_time/time.c.obj
 .debug_frame   0x00000cac      0x2d8 CMakeFiles/Week06.dir/C_/Users/red93/.pico-sdk/sdk/2.2.0/src/rp2_common/hardware_timer/timer.c.obj
 .debug_frame   0x00000f84      0x1f0 CMakeFiles/Week06.dir/C_/Users/red93/.pico-sdk/sdk/2.2.0/src/rp2_common/hardware_clocks/clocks.c.obj
 .debug_frame   0x00001174       0x44 CMakeFiles/Week06.dir/C_/Users/red93/.pico-sdk/sdk/2.2.0/src/rp2_common/hardware_pll/pll.c.obj
 .debug_frame   0x000011b8       0x40 CMakeFiles/Week06.dir/C_/Users/red93/.pico-sdk/sdk/2.2.0/src/rp2_common/hardware_ticks/ticks.c.obj
 .debug_frame   0x000011f8      0x12c CMakeFiles/Week06.dir/C_/Users/red93/.pico-sdk/sdk/2.2.0/src/rp2_common/pico_bootrom/bootrom.c.obj
 .debug_frame   0x00001324       0x20 CMakeFiles/Week06.dir/C_/Users/red93/.pico-sdk/sdk/2.2.0/src/rp2_common/pico_bootrom/bootrom_lock.c.obj
 .debug_frame   0x00001344       0x40 CMakeFiles/Week06.dir/C_/Users/red93/.pico-sdk/sdk/2.2.0/src/rp2_common/hardware_boot_lock/boot_lock.c.obj
 .debug_frame   0x00001384       0x4c CMakeFiles/Week06.dir/C_/Users/red93/.pico-sdk/sdk/2.2.0/src/rp2_common/hardware_xosc/xosc.c.obj
 .debug_frame   0x000013d0       0x70 CMakeFiles/Week06.dir/C_/Users/red93/.pico-sdk/sdk/2.2.0/src/rp2_common/pico_runtime/runtime.c.obj
 .debug_frame   0x00001440       0xc0 CMakeFiles/Week06.dir/C_/Users/red93/.pico-sdk/sdk/2.2.0/src/rp2_common/pico_runtime_init/runtime_init.c.obj
 .debug_frame   0x00001500       0x34 CMakeFiles/Week06.dir/C_/Users/red93/.pico-sdk/sdk/2.2.0/src/rp2_common/pico_runtime_init/runtime_init_clocks.c.obj
 .debug_frame   0x00001534      0x2a4 CMakeFiles/Week06.dir/C_/Users/red93/.pico-sdk/sdk/2.2.0/src/rp2_common/pico_printf/printf.c.obj
 .debug_frame   0x000017d8      0x190 CMakeFiles/Week06.dir/C_/Users/red93/.pico-sdk/sdk/2.2.0/src/rp2_common/pico_clib_interface/newlib_interface.c.obj
 .debug_frame   0x00001968      0x2d8 CMakeFiles/Week06.dir/C_/Users/red93/.pico-sdk/sdk/2.2.0/src/rp2_common/pico_stdio/stdio.c.obj
 .debug_frame   0x00001c40      0x138 CMakeFiles/Week06.dir/C_/Users/red93/.pico-sdk/sdk/2.2.0/src/rp2_common/hardware_spi/spi.c.obj
 .debug_frame   0x00001d78       0x28 C:/Users/red93/.pico-sdk/toolchain/14_2_Rel1/bin/../lib/gcc/arm-none-eabi/14.2.1/thumb/v8-m.main+fp/softfp\libg.a(libc_a-memcpy.o)
 .debug_frame   0x00001da0       0x20 C:/Users/red93/.pico-sdk/toolchain/14_2_Rel1/bin/../lib/gcc/arm-none-eabi/14.2.1/thumb/v8-m.main+fp/softfp\libg.a(libc_a-strlen-stub.o)

.debug_line_str
                0x00000000      0x155
 .debug_line_str
                0x00000000      0x155 CMakeFiles/Week06.dir/C_/Users/red93/.pico-sdk/sdk/2.2.0/src/rp2_common/pico_crt0/crt0.S.obj
                                 0x6c (size before relaxing)
 .debug_line_str
                0x00000155       0xe9 C:/Users/red93/.pico-sdk/toolchain/14_2_Rel1/bin/../lib/gcc/arm-none-eabi/14.2.1/thumb/v8-m.main+fp/softfp\libg.a(libc_a-memcpy.o)
